../Src/HAL/plidar/rplidar_a2m8.c:23:28:lidar_check_scan_descriptor	24	static
../Src/HAL/plidar/rplidar_a2m8.c:51:28:lidar_check_node_HQ	32	static
../Src/HAL/plidar/rplidar_a2m8.c:77:28:lidar_check_node	24	static
../Src/HAL/plidar/rplidar_a2m8.c:92:28:lidar_read_node	24	static
../Src/HAL/plidar/rplidar_a2m8.c:118:28:lidar_read_health	24	static
../Src/HAL/plidar/rplidar_a2m8.c:150:28:lidar_read_info	24	static
../Src/HAL/plidar/rplidar_a2m8.c:186:28:lidar_read_samplerate	24	static
../Src/HAL/plidar/rplidar_a2m8.c:219:6:lidar_stop	16	static
../Src/HAL/plidar/rplidar_a2m8.c:227:6:lidar_reset	16	static
../Src/HAL/plidar/rplidar_a2m8.c:235:21:lidar_start_scan	24	static
../Src/HAL/plidar/rplidar_a2m8.c:265:21:lidar_get_point	24	static
../Src/HAL/plidar/rplidar_a2m8.c:286:21:lidar_get_health	24	static
../Src/HAL/plidar/rplidar_a2m8.c:316:21:lidar_get_info	24	static
../Src/HAL/plidar/rplidar_a2m8.c:342:21:lidar_get_samplerate	24	static
../Src/HAL/plidar/rplidar_a2m8.c:367:6:setMotorPWM	16	static
../Src/HAL/plidar/rplidar_a2m8.c:374:6:startMotor	8	static
../Src/HAL/plidar/rplidar_a2m8.c:379:6:stopMotor	8	static
../Src/HAL/plidar/rplidar_a2m8.c:384:6:HLIDAR_controlSpeed	32	static
