../Src/APPLICATION/Body_Control_Module/bcm_prog.c:114:6:ESP_Callback	8	static
../Src/APPLICATION/Body_Control_Module/bcm_prog.c:133:6:HC05_Callback	8	static
../Src/APPLICATION/Body_Control_Module/bcm_prog.c:150:6:ABCM_vSysInit	56	static
../Src/APPLICATION/Body_Control_Module/bcm_prog.c:254:6:ABCM_vSysMangment	16	static
../Src/APPLICATION/Body_Control_Module/bcm_prog.c:475:21:ABCM_uddtDetermineCarState	24	static
../Src/APPLICATION/Body_Control_Module/bcm_prog.c:855:21:ABCM_uddtFaultDetection	24	static
../Src/APPLICATION/Body_Control_Module/bcm_prog.c:990:6:ABCM_vThreadMode	16	static
