Archive member included to satisfy reference by file (symbol)

C:/ST/STM32CubeIDE_1.11.0/STM32CubeIDE/plugins/com.st.stm32cube.ide.mcu.externaltools.gnu-tools-for-stm32.11.3.rel1.win32_1.1.1.202309131626/tools/bin/../lib/gcc/arm-none-eabi/11.3.1/../../../../arm-none-eabi/lib/thumb/v7e-m+fp/hard\libc_nano.a(libc_a-exit.o)
                              C:/ST/STM32CubeIDE_1.11.0/STM32CubeIDE/plugins/com.st.stm32cube.ide.mcu.externaltools.gnu-tools-for-stm32.11.3.rel1.win32_1.1.1.202309131626/tools/bin/../lib/gcc/arm-none-eabi/11.3.1/../../../../arm-none-eabi/lib/thumb/v7e-m+fp/hard/crt0.o (exit)
C:/ST/STM32CubeIDE_1.11.0/STM32CubeIDE/plugins/com.st.stm32cube.ide.mcu.externaltools.gnu-tools-for-stm32.11.3.rel1.win32_1.1.1.202309131626/tools/bin/../lib/gcc/arm-none-eabi/11.3.1/../../../../arm-none-eabi/lib/thumb/v7e-m+fp/hard\libc_nano.a(libc_a-findfp.o)
                              C:/ST/STM32CubeIDE_1.11.0/STM32CubeIDE/plugins/com.st.stm32cube.ide.mcu.externaltools.gnu-tools-for-stm32.11.3.rel1.win32_1.1.1.202309131626/tools/bin/../lib/gcc/arm-none-eabi/11.3.1/../../../../arm-none-eabi/lib/thumb/v7e-m+fp/hard\libc_nano.a(libc_a-exit.o) (__stdio_exit_handler)
C:/ST/STM32CubeIDE_1.11.0/STM32CubeIDE/plugins/com.st.stm32cube.ide.mcu.externaltools.gnu-tools-for-stm32.11.3.rel1.win32_1.1.1.202309131626/tools/bin/../lib/gcc/arm-none-eabi/11.3.1/../../../../arm-none-eabi/lib/thumb/v7e-m+fp/hard\libc_nano.a(libc_a-fwalk.o)
                              C:/ST/STM32CubeIDE_1.11.0/STM32CubeIDE/plugins/com.st.stm32cube.ide.mcu.externaltools.gnu-tools-for-stm32.11.3.rel1.win32_1.1.1.202309131626/tools/bin/../lib/gcc/arm-none-eabi/11.3.1/../../../../arm-none-eabi/lib/thumb/v7e-m+fp/hard\libc_nano.a(libc_a-findfp.o) (_fwalk_sglue)
C:/ST/STM32CubeIDE_1.11.0/STM32CubeIDE/plugins/com.st.stm32cube.ide.mcu.externaltools.gnu-tools-for-stm32.11.3.rel1.win32_1.1.1.202309131626/tools/bin/../lib/gcc/arm-none-eabi/11.3.1/../../../../arm-none-eabi/lib/thumb/v7e-m+fp/hard\libc_nano.a(libc_a-stdio.o)
                              C:/ST/STM32CubeIDE_1.11.0/STM32CubeIDE/plugins/com.st.stm32cube.ide.mcu.externaltools.gnu-tools-for-stm32.11.3.rel1.win32_1.1.1.202309131626/tools/bin/../lib/gcc/arm-none-eabi/11.3.1/../../../../arm-none-eabi/lib/thumb/v7e-m+fp/hard\libc_nano.a(libc_a-findfp.o) (__sread)
C:/ST/STM32CubeIDE_1.11.0/STM32CubeIDE/plugins/com.st.stm32cube.ide.mcu.externaltools.gnu-tools-for-stm32.11.3.rel1.win32_1.1.1.202309131626/tools/bin/../lib/gcc/arm-none-eabi/11.3.1/../../../../arm-none-eabi/lib/thumb/v7e-m+fp/hard\libc_nano.a(libc_a-memset.o)
                              C:/ST/STM32CubeIDE_1.11.0/STM32CubeIDE/plugins/com.st.stm32cube.ide.mcu.externaltools.gnu-tools-for-stm32.11.3.rel1.win32_1.1.1.202309131626/tools/bin/../lib/gcc/arm-none-eabi/11.3.1/../../../../arm-none-eabi/lib/thumb/v7e-m+fp/hard/crt0.o (memset)
C:/ST/STM32CubeIDE_1.11.0/STM32CubeIDE/plugins/com.st.stm32cube.ide.mcu.externaltools.gnu-tools-for-stm32.11.3.rel1.win32_1.1.1.202309131626/tools/bin/../lib/gcc/arm-none-eabi/11.3.1/../../../../arm-none-eabi/lib/thumb/v7e-m+fp/hard\libc_nano.a(libc_a-closer.o)
                              C:/ST/STM32CubeIDE_1.11.0/STM32CubeIDE/plugins/com.st.stm32cube.ide.mcu.externaltools.gnu-tools-for-stm32.11.3.rel1.win32_1.1.1.202309131626/tools/bin/../lib/gcc/arm-none-eabi/11.3.1/../../../../arm-none-eabi/lib/thumb/v7e-m+fp/hard\libc_nano.a(libc_a-stdio.o) (_close_r)
C:/ST/STM32CubeIDE_1.11.0/STM32CubeIDE/plugins/com.st.stm32cube.ide.mcu.externaltools.gnu-tools-for-stm32.11.3.rel1.win32_1.1.1.202309131626/tools/bin/../lib/gcc/arm-none-eabi/11.3.1/../../../../arm-none-eabi/lib/thumb/v7e-m+fp/hard\libc_nano.a(libc_a-reent.o)
                              C:/ST/STM32CubeIDE_1.11.0/STM32CubeIDE/plugins/com.st.stm32cube.ide.mcu.externaltools.gnu-tools-for-stm32.11.3.rel1.win32_1.1.1.202309131626/tools/bin/../lib/gcc/arm-none-eabi/11.3.1/../../../../arm-none-eabi/lib/thumb/v7e-m+fp/hard\libc_nano.a(libc_a-closer.o) (errno)
C:/ST/STM32CubeIDE_1.11.0/STM32CubeIDE/plugins/com.st.stm32cube.ide.mcu.externaltools.gnu-tools-for-stm32.11.3.rel1.win32_1.1.1.202309131626/tools/bin/../lib/gcc/arm-none-eabi/11.3.1/../../../../arm-none-eabi/lib/thumb/v7e-m+fp/hard\libc_nano.a(libc_a-impure.o)
                              C:/ST/STM32CubeIDE_1.11.0/STM32CubeIDE/plugins/com.st.stm32cube.ide.mcu.externaltools.gnu-tools-for-stm32.11.3.rel1.win32_1.1.1.202309131626/tools/bin/../lib/gcc/arm-none-eabi/11.3.1/../../../../arm-none-eabi/lib/thumb/v7e-m+fp/hard\libc_nano.a(libc_a-reent.o) (_impure_ptr)
C:/ST/STM32CubeIDE_1.11.0/STM32CubeIDE/plugins/com.st.stm32cube.ide.mcu.externaltools.gnu-tools-for-stm32.11.3.rel1.win32_1.1.1.202309131626/tools/bin/../lib/gcc/arm-none-eabi/11.3.1/../../../../arm-none-eabi/lib/thumb/v7e-m+fp/hard\libc_nano.a(libc_a-lseekr.o)
[...]
Memory Configuration

Name             Origin             Length             Attributes
RAM              0x0000000020000000 0x0000000000010000 xrw
FLASH            0x0000000008000000 0x0000000000040000 xr
*default*        0x0000000000000000 0xffffffffffffffff

Linker script and memory map

LOAD C:/ST/STM32CubeIDE_1.11.0/STM32CubeIDE/plugins/com.st.stm32cube.ide.mcu.externaltools.gnu-tools-for-stm32.11.3.rel1.win32_1.1.1.202309131626/tools/bin/../lib/gcc/arm-none-eabi/11.3.1/thumb/v7e-m+fp/hard/crti.o
LOAD C:/ST/STM32CubeIDE_1.11.0/STM32CubeIDE/plugins/com.st.stm32cube.ide.mcu.externaltools.gnu-tools-for-stm32.11.3.rel1.win32_1.1.1.202309131626/tools/bin/../lib/gcc/arm-none-eabi/11.3.1/thumb/v7e-m+fp/hard/crtbegin.o
LOAD C:/ST/STM32CubeIDE_1.11.0/STM32CubeIDE/plugins/com.st.stm32cube.ide.mcu.externaltools.gnu-tools-for-stm32.11.3.rel1.win32_1.1.1.202309131626/tools/bin/../lib/gcc/arm-none-eabi/11.3.1/../../../../arm-none-eabi/lib/thumb/v7e-m+fp/hard/crt0.o
LOAD ./Src/APPLICATION/Adaptive_Cruise_Control/acc_prog.o
LOAD ./Src/APPLICATION/Automatic_Emergency_Brake/aeb_prog.o
LOAD ./Src/APPLICATION/Body_Control_Module/bcm_prog.o
LOAD ./Src/APPLICATION/Normal_Cruise_Control/ncc_prog.o
LOAD ./Src/APPLICATION/User_Dashboard_Interface/udi_prog.o
LOAD ./Src/HAL/dcm/dcm_prog.o
LOAD ./Src/HAL/hc05/hc05_prog.o
LOAD ./Src/HAL/ultrasonic/ultrsonic_prog.o
LOAD ./Src/MCAL/gpio/gpio_prog.o
LOAD ./Src/MCAL/nvic/nvic_prog.o
LOAD ./Src/MCAL/rcc/rcc_prog.o
LOAD ./Src/MCAL/systick/systick_prog.o
LOAD ./Src/MCAL/tmr/tmr_prog.o
LOAD ./Src/MCAL/usart/usart_prog.o
LOAD ./Src/main.o
LOAD ./Src/syscalls.o
LOAD ./Src/sysmem.o
LOAD ./Startup/startup_stm32f401ccux.o
START GROUP
LOAD C:/ST/STM32CubeIDE_1.11.0/STM32CubeIDE/plugins/com.st.stm32cube.ide.mcu.externaltools.gnu-tools-for-stm32.11.3.rel1.win32_1.1.1.202309131626/tools/bin/../lib/gcc/arm-none-eabi/11.3.1/../../../../arm-none-eabi/lib/thumb/v7e-m+fp/hard\libc_nano.a
LOAD C:/ST/STM32CubeIDE_1.11.0/STM32CubeIDE/plugins/com.st.stm32cube.ide.mcu.externaltools.gnu-tools-for-stm32.11.3.rel1.win32_1.1.1.202309131626/tools/bin/../lib/gcc/arm-none-eabi/11.3.1/../../../../arm-none-eabi/lib/thumb/v7e-m+fp/hard\libm.a
END GROUP
START GROUP
LOAD C:/ST/STM32CubeIDE_1.11.0/STM32CubeIDE/plugins/com.st.stm32cube.ide.mcu.externaltools.gnu-tools-for-stm32.11.3.rel1.win32_1.1.1.202309131626/tools/bin/../lib/gcc/arm-none-eabi/11.3.1/thumb/v7e-m+fp/hard\libgcc.a
LOAD C:/ST/STM32CubeIDE_1.11.0/STM32CubeIDE/plugins/com.st.stm32cube.ide.mcu.externaltools.gnu-tools-for-stm32.11.3.rel1.win32_1.1.1.202309131626/tools/bin/../lib/gcc/arm-none-eabi/11.3.1/../../../../arm-none-eabi/lib/thumb/v7e-m+fp/hard\libc_nano.a
END GROUP
START GROUP
LOAD C:/ST/STM32CubeIDE_1.11.0/STM32CubeIDE/plugins/com.st.stm32cube.ide.mcu.externaltools.gnu-tools-for-stm32.11.3.rel1.win32_1.1.1.202309131626/tools/bin/../lib/gcc/arm-none-eabi/11.3.1/thumb/v7e-m+fp/hard\libgcc.a
LOAD C:/ST/STM32CubeIDE_1.11.0/STM32CubeIDE/plugins/com.st.stm32cube.ide.mcu.externaltools.gnu-tools-for-stm32.11.3.rel1.win32_1.1.1.202309131626/tools/bin/../lib/gcc/arm-none-eabi/11.3.1/../../../../arm-none-eabi/lib/thumb/v7e-m+fp/hard\libc_nano.a
LOAD C:/ST/STM32CubeIDE_1.11.0/STM32CubeIDE/plugins/com.st.stm32cube.ide.mcu.externaltools.gnu-tools-for-stm32.11.3.rel1.win32_1.1.1.202309131626/tools/bin/../lib/gcc/arm-none-eabi/11.3.1/../../../../arm-none-eabi/lib/thumb/v7e-m+fp/hard\libnosys.a
END GROUP
START GROUP
LOAD C:/ST/STM32CubeIDE_1.11.0/STM32CubeIDE/plugins/com.st.stm32cube.ide.mcu.externaltools.gnu-tools-for-stm32.11.3.rel1.win32_1.1.1.202309131626/tools/bin/../lib/gcc/arm-none-eabi/11.3.1/thumb/v7e-m+fp/hard\libgcc.a
LOAD C:/ST/STM32CubeIDE_1.11.0/STM32CubeIDE/plugins/com.st.stm32cube.ide.mcu.externaltools.gnu-tools-for-stm32.11.3.rel1.win32_1.1.1.202309131626/tools/bin/../lib/gcc/arm-none-eabi/11.3.1/../../../../arm-none-eabi/lib/thumb/v7e-m+fp/hard\libc_nano.a
LOAD C:/ST/STM32CubeIDE_1.11.0/STM32CubeIDE/plugins/com.st.stm32cube.ide.mcu.externaltools.gnu-tools-for-stm32.11.3.rel1.win32_1.1.1.202309131626/tools/bin/../lib/gcc/arm-none-eabi/11.3.1/../../../../arm-none-eabi/lib/thumb/v7e-m+fp/hard\libnosys.a
END GROUP
LOAD C:/ST/STM32CubeIDE_1.11.0/STM32CubeIDE/plugins/com.st.stm32cube.ide.mcu.externaltools.gnu-tools-for-stm32.11.3.rel1.win32_1.1.1.202309131626/tools/bin/../lib/gcc/arm-none-eabi/11.3.1/thumb/v7e-m+fp/hard/crtend.o
LOAD C:/ST/STM32CubeIDE_1.11.0/STM32CubeIDE/plugins/com.st.stm32cube.ide.mcu.externaltools.gnu-tools-for-stm32.11.3.rel1.win32_1.1.1.202309131626/tools/bin/../lib/gcc/arm-none-eabi/11.3.1/thumb/v7e-m+fp/hard/crtn.o
                0x0000000020010000                _estack = (ORIGIN (RAM) + LENGTH (RAM))
                0x0000000000000200                _Min_Heap_Size = 0x200
                0x0000000000000400                _Min_Stack_Size = 0x400

.isr_vector     0x0000000008000000      0x194
                0x0000000008000000                . = ALIGN (0x4)
 *(.isr_vector)
 .isr_vector    0x0000000008000000      0x194 ./Startup/startup_stm32f401ccux.o
                0x0000000008000000                g_pfnVectors
                0x0000000008000194                . = ALIGN (0x4)

.text           0x0000000008000198     0x2a60
                0x0000000008000198                . = ALIGN (0x4)
 *(.text)
 .text          0x0000000008000198       0x40 C:/ST/STM32CubeIDE_1.11.0/STM32CubeIDE/plugins/com.st.stm32cube.ide.mcu.externaltools.gnu-tools-for-stm32.11.3.rel1.win32_1.1.1.202309131626/tools/bin/../lib/gcc/arm-none-eabi/11.3.1/thumb/v7e-m+fp/hard/crtbegin.o
 .text          0x00000000080001d8      0x378 C:/ST/STM32CubeIDE_1.11.0/STM32CubeIDE/plugins/com.st.stm32cube.ide.mcu.externaltools.gnu-tools-for-stm32.11.3.rel1.win32_1.1.1.202309131626/tools/bin/../lib/gcc/arm-none-eabi/11.3.1/thumb/v7e-m+fp/hard\libgcc.a(_arm_addsubdf3.o)
                0x00000000080001d8                __aeabi_drsub
                0x00000000080001e0                __aeabi_dsub
                0x00000000080001e0                __subdf3
                0x00000000080001e4                __aeabi_dadd
                0x00000000080001e4                __adddf3
                0x000000000800045c                __floatunsidf
                0x000000000800045c                __aeabi_ui2d
                0x000000000800047c                __floatsidf
                0x000000000800047c                __aeabi_i2d
                0x00000000080004a0                __aeabi_f2d
                0x00000000080004a0                __extendsfdf2
                0x00000000080004e4                __floatundidf
                0x00000000080004e4                __aeabi_ul2d
                0x00000000080004f4                __floatdidf
                0x00000000080004f4                __aeabi_l2d
 .text          0x0000000008000550      0x424 C:/ST/STM32CubeIDE_1.11.0/STM32CubeIDE/plugins/com.st.stm32cube.ide.mcu.externaltools.gnu-tools-for-stm32.11.3.rel1.win32_1.1.1.202309131626/tools/bin/../lib/gcc/arm-none-eabi/11.3.1/thumb/v7e-m+fp/hard\libgcc.a(_arm_muldivdf3.o)
                0x0000000008000550                __aeabi_dmul
                0x0000000008000550                __muldf3
                0x00000000080007a4                __divdf3
                0x00000000080007a4                __aeabi_ddiv
 .text          0x0000000008000974       0x40 C:/ST/STM32CubeIDE_1.11.0/STM32CubeIDE/plugins/com.st.stm32cube.ide.mcu.externaltools.gnu-tools-for-stm32.11.3.rel1.win32_1.1.1.202309131626/tools/bin/../lib/gcc/arm-none-eabi/11.3.1/thumb/v7e-m+fp/hard\libgcc.a(_arm_fixunsdfsi.o)
                0x0000000008000974                __aeabi_d2uiz
                0x0000000008000974                __fixunsdfsi
 *(.text*)
 .text.AACC_vSetSpeedLimit
                0x00000000080009b4       0x40 ./Src/APPLICATION/Adaptive_Cruise_Control/acc_prog.o
                0x00000000080009b4                AACC_vSetSpeedLimit
 .text.AACC_vControlingCar
                0x00000000080009f4      0x240 ./Src/APPLICATION/Adaptive_Cruise_Control/acc_prog.o
                0x00000000080009f4                AACC_vControlingCar
 .text.AACC_vStopAcc
                0x0000000008000c34       0x22 ./Src/APPLICATION/Adaptive_Cruise_Control/acc_prog.o
                0x0000000008000c34                AACC_vStopAcc
 *fill*         0x0000000008000c56        0x2 
 .text.AACC_vChangeAccSpeedLimit
                0x0000000008000c58       0x48 ./Src/APPLICATION/Adaptive_Cruise_Control/acc_prog.o
                0x0000000008000c58                AACC_vChangeAccSpeedLimit
 .text.AAEB_vIsReady
                0x0000000008000ca0       0x18 ./Src/APPLICATION/Automatic_Emergency_Brake/aeb_prog.o
                0x0000000008000ca0                AAEB_vIsReady
 .text.AAEB_uddtCheckForObstacles
                0x0000000008000cb8       0x3a ./Src/APPLICATION/Automatic_Emergency_Brake/aeb_prog.o
                0x0000000008000cb8                AAEB_uddtCheckForObstacles
 *fill*         0x0000000008000cf2        0x2 
 .text.ESP_Callback
                0x0000000008000cf4       0x44 ./Src/APPLICATION/Body_Control_Module/bcm_prog.o
                0x0000000008000cf4                ESP_Callback
 .text.HC05_Callback
                0x0000000008000d38       0x38 ./Src/APPLICATION/Body_Control_Module/bcm_prog.o
                0x0000000008000d38                HC05_Callback
 .text.ABCM_vSysInit
                0x0000000008000d70      0x128 ./Src/APPLICATION/Body_Control_Module/bcm_prog.o
                0x0000000008000d70                ABCM_vSysInit
 .text.ABCM_vSysMangment
                0x0000000008000e98      0x2dc ./Src/APPLICATION/Body_Control_Module/bcm_prog.o
                0x0000000008000e98                ABCM_vSysMangment
 .text.ABCM_uddtDetermineCarState
                0x0000000008001174      0x368 ./Src/APPLICATION/Body_Control_Module/bcm_prog.o
                0x0000000008001174                ABCM_uddtDetermineCarState
 .text.ABCM_uddtFaultDetection
                0x00000000080014dc      0x13c ./Src/APPLICATION/Body_Control_Module/bcm_prog.o
                0x00000000080014dc                ABCM_uddtFaultDetection
 .text.ABCM_vThreadMode
                0x0000000008001618       0x90 ./Src/APPLICATION/Body_Control_Module/bcm_prog.o
                0x0000000008001618                ABCM_vThreadMode
 .text.ANCC_vStartNcc
                0x00000000080016a8       0x3c ./Src/APPLICATION/Normal_Cruise_Control/ncc_prog.o
                0x00000000080016a8                ANCC_vStartNcc
 .text.ANCC_vStopNcc
                0x00000000080016e4       0x1c ./Src/APPLICATION/Normal_Cruise_Control/ncc_prog.o
                0x00000000080016e4                ANCC_vStopNcc
 .text.ANCC_vChangeNccSpeedLimit
                0x0000000008001700       0x58 ./Src/APPLICATION/Normal_Cruise_Control/ncc_prog.o
                0x0000000008001700                ANCC_vChangeNccSpeedLimit
 .text.AUDI_vInitInterface
                0x0000000008001758       0x30 ./Src/APPLICATION/User_Dashboard_Interface/udi_prog.o
                0x0000000008001758                AUDI_vInitInterface
 .text.AUDI_vStandByDashboard
                0x0000000008001788       0x78 ./Src/APPLICATION/User_Dashboard_Interface/udi_prog.o
                0x0000000008001788                AUDI_vStandByDashboard
 .text.AUDI_vOnDashboard
                0x0000000008001800       0x4c ./Src/APPLICATION/User_Dashboard_Interface/udi_prog.o
                0x0000000008001800                AUDI_vOnDashboard
 .text.HDCM_init
                0x000000000800184c      0x110 ./Src/HAL/dcm/dcm_prog.o
                0x000000000800184c                HDCM_init
 .text.HDCM_turnOff
                0x000000000800195c       0x42 ./Src/HAL/dcm/dcm_prog.o
                0x000000000800195c                HDCM_turnOff
 .text.HDCM_turnOn
                0x000000000800199e       0x7e ./Src/HAL/dcm/dcm_prog.o
                0x000000000800199e                HDCM_turnOn
 .text.HDCM_controlSpeed
                0x0000000008001a1c       0x68 ./Src/HAL/dcm/dcm_prog.o
                0x0000000008001a1c                HDCM_controlSpeed
 .text.HHC05_uddtInit
                0x0000000008001a84       0x20 ./Src/HAL/hc05/hc05_prog.o
                0x0000000008001a84                HHC05_uddtInit
 .text.HHC05_uddtEnable
                0x0000000008001aa4       0x1c ./Src/HAL/hc05/hc05_prog.o
                0x0000000008001aa4                HHC05_uddtEnable
 .text.HHC05_uddtTransmitByte
                0x0000000008001ac0       0x24 ./Src/HAL/hc05/hc05_prog.o
                0x0000000008001ac0                HHC05_uddtTransmitByte
 .text.HHC05_uddtTransmitString
                0x0000000008001ae4       0x20 ./Src/HAL/hc05/hc05_prog.o
                0x0000000008001ae4                HHC05_uddtTransmitString
 .text.HHC05_RxIntSetStatus
                0x0000000008001b04       0x24 ./Src/HAL/hc05/hc05_prog.o
                0x0000000008001b04                HHC05_RxIntSetStatus
 .text.HHC05_uddtSetCallBackUart1
                0x0000000008001b28       0x1c ./Src/HAL/hc05/hc05_prog.o
                0x0000000008001b28                HHC05_uddtSetCallBackUart1
 .text.delay_us
                0x0000000008001b44       0x2a ./Src/HAL/ultrasonic/ultrsonic_prog.o
                0x0000000008001b44                delay_us
 *fill*         0x0000000008001b6e        0x2 
 .text.ultra_init
                0x0000000008001b70       0x2c ./Src/HAL/ultrasonic/ultrsonic_prog.o
                0x0000000008001b70                ultra_init
 .text.send_pulse
                0x0000000008001b9c       0x2c ./Src/HAL/ultrasonic/ultrsonic_prog.o
                0x0000000008001b9c                send_pulse
 .text.measure_distance
                0x0000000008001bc8       0x84 ./Src/HAL/ultrasonic/ultrsonic_prog.o
                0x0000000008001bc8                measure_distance
 .text.MGPIO_uddtSetPinMode
                0x0000000008001c4c       0x58 ./Src/MCAL/gpio/gpio_prog.o
                0x0000000008001c4c                MGPIO_uddtSetPinMode
 .text.MGPIO_uddtSetOutputMode
                0x0000000008001ca4       0x50 ./Src/MCAL/gpio/gpio_prog.o
                0x0000000008001ca4                MGPIO_uddtSetOutputMode
 .text.MGPIO_uddtSetOutputSpeed
                0x0000000008001cf4       0x52 ./Src/MCAL/gpio/gpio_prog.o
                0x0000000008001cf4                MGPIO_uddtSetOutputSpeed
 .text.MGPIO_uddtSetPullState
                0x0000000008001d46       0x52 ./Src/MCAL/gpio/gpio_prog.o
                0x0000000008001d46                MGPIO_uddtSetPullState
 .text.MGPIO_uddtSetPinVal
                0x0000000008001d98       0x7c ./Src/MCAL/gpio/gpio_prog.o
                0x0000000008001d98                MGPIO_uddtSetPinVal
 .text.MGPIO_uddtSetAltFun
                0x0000000008001e14       0x66 ./Src/MCAL/gpio/gpio_prog.o
                0x0000000008001e14                MGPIO_uddtSetAltFun
 .text.MGPIO_uddtInitPin
                0x0000000008001e7a       0xa8 ./Src/MCAL/gpio/gpio_prog.o
                0x0000000008001e7a                MGPIO_uddtInitPin
 .text.MGPIO_uddtInitAltPin
                0x0000000008001f22       0xa6 ./Src/MCAL/gpio/gpio_prog.o
                0x0000000008001f22                MGPIO_uddtInitAltPin
 .text.MNVIC_enableInterrupt
                0x0000000008001fc8       0x54 ./Src/MCAL/nvic/nvic_prog.o
                0x0000000008001fc8                MNVIC_enableInterrupt
 .text.MNVIC_SetInterruptPriority
                0x000000000800201c       0xc0 ./Src/MCAL/nvic/nvic_prog.o
                0x000000000800201c                MNVIC_SetInterruptPriority
 .text.MNVIC_SetInterruptGroup
                0x00000000080020dc       0x4c ./Src/MCAL/nvic/nvic_prog.o
                0x00000000080020dc                MNVIC_SetInterruptGroup
 .text.MRCC_Init
                0x0000000008002128       0x4c ./Src/MCAL/rcc/rcc_prog.o
                0x0000000008002128                MRCC_Init
 .text.MRCC_enablePeripheral
                0x0000000008002174       0xc4 ./Src/MCAL/rcc/rcc_prog.o
                0x0000000008002174                MRCC_enablePeripheral
 .text.SysTick_Handler
                0x0000000008002238       0x78 ./Src/MCAL/systick/systick_prog.o
                0x0000000008002238                SysTick_Handler
 .text.MTMR_vStartTimer
                0x00000000080022b0       0x80 ./Src/MCAL/tmr/tmr_prog.o
                0x00000000080022b0                MTMR_vStartTimer
 .text.MTMR_vSetTimerPrescaler
                0x0000000008002330       0xac ./Src/MCAL/tmr/tmr_prog.o
                0x0000000008002330                MTMR_vSetTimerPrescaler
 .text.MTMR_vSetTimerChannelOutput
                0x00000000080023dc      0x110 ./Src/MCAL/tmr/tmr_prog.o
                0x00000000080023dc                MTMR_vSetTimerChannelOutput
 .text.MTMR_vSetTimerCMPVal
                0x00000000080024ec       0xbc ./Src/MCAL/tmr/tmr_prog.o
                0x00000000080024ec                MTMR_vSetTimerCMPVal
 .text.MTMR_vSetTimerARR
                0x00000000080025a8       0x50 ./Src/MCAL/tmr/tmr_prog.o
                0x00000000080025a8                MTMR_vSetTimerARR
 .text.HLIDAR_controlSpeed
                0x00000000080025f8       0x68 ./Src/MCAL/tmr/tmr_prog.o
                0x00000000080025f8                HLIDAR_controlSpeed
 .text.MUSART_uddtInit
                0x0000000008002660      0x2c0 ./Src/MCAL/usart/usart_prog.o
                0x0000000008002660                MUSART_uddtInit
 .text.MUSART_uddtEnable
                0x0000000008002920       0x36 ./Src/MCAL/usart/usart_prog.o
                0x0000000008002920                MUSART_uddtEnable
 .text.MUSART_uddtTransmitByte
                0x0000000008002956       0x5c ./Src/MCAL/usart/usart_prog.o
                0x0000000008002956                MUSART_uddtTransmitByte
 .text.MUSART_uddtTransmitString
                0x00000000080029b2       0x56 ./Src/MCAL/usart/usart_prog.o
                0x00000000080029b2                MUSART_uddtTransmitString
 .text.MUSART_RxIntSetStatus
                0x0000000008002a08       0x54 ./Src/MCAL/usart/usart_prog.o
                0x0000000008002a08                MUSART_RxIntSetStatus
 .text.MUSART1_uddtSetCallBack
                0x0000000008002a5c       0x34 ./Src/MCAL/usart/usart_prog.o
                0x0000000008002a5c                MUSART1_uddtSetCallBack
 .text.MUSART2_uddtSetCallBack
                0x0000000008002a90       0x34 ./Src/MCAL/usart/usart_prog.o
                0x0000000008002a90                MUSART2_uddtSetCallBack
 .text.USART1_IRQHandler
                0x0000000008002ac4       0x1c ./Src/MCAL/usart/usart_prog.o
                0x0000000008002ac4                USART1_IRQHandler
 .text.USART2_IRQHandler
                0x0000000008002ae0       0x1c ./Src/MCAL/usart/usart_prog.o
                0x0000000008002ae0                USART2_IRQHandler
 .text.USART6_IRQHandler
                0x0000000008002afc       0x1c ./Src/MCAL/usart/usart_prog.o
                0x0000000008002afc                USART6_IRQHandler
 .text.main     0x0000000008002b18       0x10 ./Src/main.o
                0x0000000008002b18                main
 .text.Reset_Handler
                0x0000000008002b28       0x50 ./Startup/startup_stm32f401ccux.o
                0x0000000008002b28                Reset_Handler
 .text.Default_Handler
                0x0000000008002b78        0x2 ./Startup/startup_stm32f401ccux.o
                0x0000000008002b78                EXTI2_IRQHandler
                0x0000000008002b78                DebugMon_Handler
                0x0000000008002b78                SPI4_IRQHandler
                0x0000000008002b78                TIM1_CC_IRQHandler
                0x0000000008002b78                DMA2_Stream5_IRQHandler
                0x0000000008002b78                HardFault_Handler
                0x0000000008002b78                DMA1_Stream5_IRQHandler
                0x0000000008002b78                SDIO_IRQHandler
                0x0000000008002b78                TAMP_STAMP_IRQHandler
                0x0000000008002b78                PendSV_Handler
                0x0000000008002b78                NMI_Handler
                0x0000000008002b78                EXTI3_IRQHandler
                0x0000000008002b78                TIM1_UP_TIM10_IRQHandler
                0x0000000008002b78                I2C3_ER_IRQHandler
                0x0000000008002b78                EXTI18_OTG_FS_WKUP_IRQHandler
                0x0000000008002b78                EXTI0_IRQHandler
                0x0000000008002b78                I2C2_EV_IRQHandler
                0x0000000008002b78                DMA1_Stream2_IRQHandler
                0x0000000008002b78                UsageFault_Handler
                0x0000000008002b78                DMA2_Stream2_IRQHandler
                0x0000000008002b78                SPI1_IRQHandler
                0x0000000008002b78                TIM1_BRK_TIM9_IRQHandler
                0x0000000008002b78                DMA2_Stream3_IRQHandler
                0x0000000008002b78                DMA2_Stream0_IRQHandler
                0x0000000008002b78                TIM4_IRQHandler
                0x0000000008002b78                I2C1_EV_IRQHandler
                0x0000000008002b78                DMA1_Stream6_IRQHandler
                0x0000000008002b78                DMA1_Stream1_IRQHandler
                0x0000000008002b78                TIM3_IRQHandler
                0x0000000008002b78                RCC_IRQHandler
                0x0000000008002b78                Default_Handler
                0x0000000008002b78                EXTI15_10_IRQHandler
                0x0000000008002b78                ADC_IRQHandler
                0x0000000008002b78                DMA1_Stream7_IRQHandler
                0x0000000008002b78                TIM5_IRQHandler
                0x0000000008002b78                DMA2_Stream7_IRQHandler
                0x0000000008002b78                I2C3_EV_IRQHandler
                0x0000000008002b78                EXTI9_5_IRQHandler
                0x0000000008002b78                SPI2_IRQHandler
                0x0000000008002b78                MemManage_Handler
                0x0000000008002b78                DMA1_Stream0_IRQHandler
                0x0000000008002b78                SVC_Handler
                0x0000000008002b78                EXTI4_IRQHandler
                0x0000000008002b78                EXTI22_RTC_WKUP_IRQHandler
                0x0000000008002b78                TIM2_IRQHandler
                0x0000000008002b78                EXTI16_PVD_IRQHandler
                0x0000000008002b78                TIM1_TRG_COM_TIM11_IRQHandler
                0x0000000008002b78                EXTI1_IRQHandler
                0x0000000008002b78                EXTI17_RTC_Alarm_IRQHandler
                0x0000000008002b78                I2C2_ER_IRQHandler
                0x0000000008002b78                DMA2_Stream1_IRQHandler
                0x0000000008002b78                FLASH_IRQHandler
                0x0000000008002b78                DMA2_Stream4_IRQHandler
                0x0000000008002b78                BusFault_Handler
                0x0000000008002b78                OTG_FS_IRQHandler
                0x0000000008002b78                SPI3_IRQHandler
                0x0000000008002b78                DMA1_Stream4_IRQHandler
                0x0000000008002b78                I2C1_ER_IRQHandler
                0x0000000008002b78                DMA2_Stream6_IRQHandler
                0x0000000008002b78                DMA1_Stream3_IRQHandler
 *fill*         0x0000000008002b7a        0x2 
 .text.__libc_init_array
                0x0000000008002b7c       0x48 C:/ST/STM32CubeIDE_1.11.0/STM32CubeIDE/plugins/com.st.stm32cube.ide.mcu.externaltools.gnu-tools-for-stm32.11.3.rel1.win32_1.1.1.202309131626/tools/bin/../lib/gcc/arm-none-eabi/11.3.1/../../../../arm-none-eabi/lib/thumb/v7e-m+fp/hard\libc_nano.a(libc_a-init.o)
                0x0000000008002b7c                __libc_init_array
 .text.memcpy   0x0000000008002bc4       0x1c C:/ST/STM32CubeIDE_1.11.0/STM32CubeIDE/plugins/com.st.stm32cube.ide.mcu.externaltools.gnu-tools-for-stm32.11.3.rel1.win32_1.1.1.202309131626/tools/bin/../lib/gcc/arm-none-eabi/11.3.1/../../../../arm-none-eabi/lib/thumb/v7e-m+fp/hard\libc_nano.a(libc_a-memcpy-stub.o)
                0x0000000008002bc4                memcpy
 *(.glue_7)
 .glue_7        0x0000000008002be0        0x0 linker stubs
 *(.glue_7t)
 .glue_7t       0x0000000008002be0        0x0 linker stubs
 *(.eh_frame)
 .eh_frame      0x0000000008002be0        0x0 C:/ST/STM32CubeIDE_1.11.0/STM32CubeIDE/plugins/com.st.stm32cube.ide.mcu.externaltools.gnu-tools-for-stm32.11.3.rel1.win32_1.1.1.202309131626/tools/bin/../lib/gcc/arm-none-eabi/11.3.1/thumb/v7e-m+fp/hard/crtbegin.o
 *(.init)
 .init          0x0000000008002be0        0x4 C:/ST/STM32CubeIDE_1.11.0/STM32CubeIDE/plugins/com.st.stm32cube.ide.mcu.externaltools.gnu-tools-for-stm32.11.3.rel1.win32_1.1.1.202309131626/tools/bin/../lib/gcc/arm-none-eabi/11.3.1/thumb/v7e-m+fp/hard/crti.o
                0x0000000008002be0                _init
 .init          0x0000000008002be4        0x8 C:/ST/STM32CubeIDE_1.11.0/STM32CubeIDE/plugins/com.st.stm32cube.ide.mcu.externaltools.gnu-tools-for-stm32.11.3.rel1.win32_1.1.1.202309131626/tools/bin/../lib/gcc/arm-none-eabi/11.3.1/thumb/v7e-m+fp/hard/crtn.o
 *(.fini)
 .fini          0x0000000008002bec        0x4 C:/ST/STM32CubeIDE_1.11.0/STM32CubeIDE/plugins/com.st.stm32cube.ide.mcu.externaltools.gnu-tools-for-stm32.11.3.rel1.win32_1.1.1.202309131626/tools/bin/../lib/gcc/arm-none-eabi/11.3.1/thumb/v7e-m+fp/hard/crti.o
                0x0000000008002bec                _fini
 .fini          0x0000000008002bf0        0x8 C:/ST/STM32CubeIDE_1.11.0/STM32CubeIDE/plugins/com.st.stm32cube.ide.mcu.externaltools.gnu-tools-for-stm32.11.3.rel1.win32_1.1.1.202309131626/tools/bin/../lib/gcc/arm-none-eabi/11.3.1/thumb/v7e-m+fp/hard/crtn.o
                0x0000000008002bf8                . = ALIGN (0x4)
                0x0000000008002bf8                _etext = .

.vfp11_veneer   0x0000000008002bf8        0x0
 .vfp11_veneer  0x0000000008002bf8        0x0 linker stubs

.v4_bx          0x0000000008002bf8        0x0
 .v4_bx         0x0000000008002bf8        0x0 linker stubs

.iplt           0x0000000008002bf8        0x0
 .iplt          0x0000000008002bf8        0x0 C:/ST/STM32CubeIDE_1.11.0/STM32CubeIDE/plugins/com.st.stm32cube.ide.mcu.externaltools.gnu-tools-for-stm32.11.3.rel1.win32_1.1.1.202309131626/tools/bin/../lib/gcc/arm-none-eabi/11.3.1/thumb/v7e-m+fp/hard/crtbegin.o

.rodata         0x0000000008002bf8      0x764
                0x0000000008002bf8                . = ALIGN (0x4)
 *(.rodata)
 .rodata        0x0000000008002bf8       0xdc ./Src/APPLICATION/Adaptive_Cruise_Control/acc_prog.o
 .rodata        0x0000000008002cd4       0x26 ./Src/APPLICATION/Automatic_Emergency_Brake/aeb_prog.o
 *fill*         0x0000000008002cfa        0x2 
 .rodata        0x0000000008002cfc      0x310 ./Src/APPLICATION/Body_Control_Module/bcm_prog.o
 .rodata        0x000000000800300c       0x16 ./Src/APPLICATION/Normal_Cruise_Control/ncc_prog.o
 *fill*         0x0000000008003022        0x2 
 .rodata        0x0000000008003024      0x320 ./Src/APPLICATION/User_Dashboard_Interface/udi_prog.o
 .rodata        0x0000000008003344        0xc ./Src/HAL/dcm/dcm_prog.o
 .rodata        0x0000000008003350        0xc ./Src/MCAL/tmr/tmr_prog.o
 *(.rodata*)
                0x000000000800335c                . = ALIGN (0x4)

.rel.dyn        0x000000000800335c        0x0
 .rel.iplt      0x000000000800335c        0x0 C:/ST/STM32CubeIDE_1.11.0/STM32CubeIDE/plugins/com.st.stm32cube.ide.mcu.externaltools.gnu-tools-for-stm32.11.3.rel1.win32_1.1.1.202309131626/tools/bin/../lib/gcc/arm-none-eabi/11.3.1/thumb/v7e-m+fp/hard/crtbegin.o

.ARM.extab      0x000000000800335c        0x0
                0x000000000800335c                . = ALIGN (0x4)
 *(.ARM.extab* .gnu.linkonce.armextab.*)
                0x000000000800335c                . = ALIGN (0x4)

.ARM            0x000000000800335c        0x0
                0x000000000800335c                . = ALIGN (0x4)
                0x000000000800335c                __exidx_start = .
 *(.ARM.exidx*)
                0x000000000800335c                __exidx_end = .
                0x000000000800335c                . = ALIGN (0x4)

.preinit_array  0x000000000800335c        0x0
                0x000000000800335c                . = ALIGN (0x4)
                0x000000000800335c                PROVIDE (__preinit_array_start = .)
 *(.preinit_array*)
                0x000000000800335c                PROVIDE (__preinit_array_end = .)
                0x000000000800335c                . = ALIGN (0x4)

.init_array     0x000000000800335c        0x4
                0x000000000800335c                . = ALIGN (0x4)
                0x000000000800335c                PROVIDE (__init_array_start = .)
 *(SORT_BY_NAME(.init_array.*))
 *(.init_array*)
 .init_array    0x000000000800335c        0x4 C:/ST/STM32CubeIDE_1.11.0/STM32CubeIDE/plugins/com.st.stm32cube.ide.mcu.externaltools.gnu-tools-for-stm32.11.3.rel1.win32_1.1.1.202309131626/tools/bin/../lib/gcc/arm-none-eabi/11.3.1/thumb/v7e-m+fp/hard/crtbegin.o
                0x0000000008003360                PROVIDE (__init_array_end = .)
                0x0000000008003360                . = ALIGN (0x4)

.fini_array     0x0000000008003360        0x4
                0x0000000008003360                . = ALIGN (0x4)
                [!provide]                        PROVIDE (__fini_array_start = .)
 *(SORT_BY_NAME(.fini_array.*))
 *(.fini_array*)
 .fini_array    0x0000000008003360        0x4 C:/ST/STM32CubeIDE_1.11.0/STM32CubeIDE/plugins/com.st.stm32cube.ide.mcu.externaltools.gnu-tools-for-stm32.11.3.rel1.win32_1.1.1.202309131626/tools/bin/../lib/gcc/arm-none-eabi/11.3.1/thumb/v7e-m+fp/hard/crtbegin.o
                [!provide]                        PROVIDE (__fini_array_end = .)
                0x0000000008003364                . = ALIGN (0x4)
                0x0000000008003364                _sidata = LOADADDR (.data)

.data           0x0000000020000000       0x3c load address 0x0000000008003364
                0x0000000020000000                . = ALIGN (0x4)
                0x0000000020000000                _sdata = .
 *(.data)
 *(.data*)
 .data.wheelControl
                0x0000000020000000       0x10 ./Src/APPLICATION/Body_Control_Module/bcm_prog.o
                0x0000000020000000                wheelControl
 .data.gl_uddtUartOfHC05
                0x0000000020000010       0x14 ./Src/APPLICATION/Body_Control_Module/bcm_prog.o
                0x0000000020000010                gl_uddtUartOfHC05
 .data.gl_uddtUartOfESP
                0x0000000020000024       0x14 ./Src/APPLICATION/Body_Control_Module/bcm_prog.o
                0x0000000020000024                gl_uddtUartOfESP
 .data.gl_u8CarDefaultMaxSpeed
                0x0000000020000038        0x1 ./Src/APPLICATION/Body_Control_Module/bcm_prog.o
 .data.gl_u8AccSpeedLimit
                0x0000000020000039        0x1 ./Src/APPLICATION/Body_Control_Module/bcm_prog.o
 .data.gl_u8NccSpeedLimit
                0x000000002000003a        0x1 ./Src/APPLICATION/Body_Control_Module/bcm_prog.o
 *(.RamFunc)
 *(.RamFunc*)
                0x000000002000003c                . = ALIGN (0x4)
 *fill*         0x000000002000003b        0x1 
                0x000000002000003c                _edata = .

.igot.plt       0x000000002000003c        0x0 load address 0x00000000080033a0
 .igot.plt      0x000000002000003c        0x0 C:/ST/STM32CubeIDE_1.11.0/STM32CubeIDE/plugins/com.st.stm32cube.ide.mcu.externaltools.gnu-tools-for-stm32.11.3.rel1.win32_1.1.1.202309131626/tools/bin/../lib/gcc/arm-none-eabi/11.3.1/thumb/v7e-m+fp/hard/crtbegin.o
                0x000000002000003c                . = ALIGN (0x4)

.bss            0x000000002000003c       0x4c load address 0x00000000080033a0
                0x000000002000003c                _sbss = .
                0x000000002000003c                __bss_start__ = _sbss
 *(.bss)
 .bss           0x000000002000003c       0x1c C:/ST/STM32CubeIDE_1.11.0/STM32CubeIDE/plugins/com.st.stm32cube.ide.mcu.externaltools.gnu-tools-for-stm32.11.3.rel1.win32_1.1.1.202309131626/tools/bin/../lib/gcc/arm-none-eabi/11.3.1/thumb/v7e-m+fp/hard/crtbegin.o
 *(.bss*)
 .bss.gl_u8AccSpeedLimit
                0x0000000020000058        0x1 ./Src/APPLICATION/Adaptive_Cruise_Control/acc_prog.o
 .bss.gl_u8LastSpeed
                0x0000000020000059        0x1 ./Src/APPLICATION/Adaptive_Cruise_Control/acc_prog.o
 .bss.gl_u8MotorFlag
                0x000000002000005a        0x1 ./Src/APPLICATION/Adaptive_Cruise_Control/acc_prog.o
 *fill*         0x000000002000005b        0x1 
 .bss.AddressToCall
                0x000000002000005c        0x4 ./Src/APPLICATION/Body_Control_Module/bcm_prog.o
                0x000000002000005c                AddressToCall
 .bss.gl_uddtFaultCode
                0x0000000020000060        0x1 ./Src/APPLICATION/Body_Control_Module/bcm_prog.o
 .bss.gl_uddtCarCondation
                0x0000000020000061        0x1 ./Src/APPLICATION/Body_Control_Module/bcm_prog.o
                0x0000000020000061                gl_uddtCarCondation
 .bss.gl_u8CarDefaultMinSpeed
                0x0000000020000062        0x1 ./Src/APPLICATION/Body_Control_Module/bcm_prog.o
 *fill*         0x0000000020000063        0x1 
 .bss.gl_u32distance
                0x0000000020000064        0x4 ./Src/APPLICATION/Body_Control_Module/bcm_prog.o
 .bss.gl_u8IncSpeedFlag
                0x0000000020000068        0x1 ./Src/APPLICATION/Body_Control_Module/bcm_prog.o
 .bss.gl_u8DecSpeedFlag
                0x0000000020000069        0x1 ./Src/APPLICATION/Body_Control_Module/bcm_prog.o
 .bss.gl_u8CarIsOnFlag
                0x000000002000006a        0x1 ./Src/APPLICATION/Body_Control_Module/bcm_prog.o
 .bss.gl_u8NccIsOnFlag
                0x000000002000006b        0x1 ./Src/APPLICATION/Body_Control_Module/bcm_prog.o
 .bss.gl_u8AccIsOnFlag
                0x000000002000006c        0x1 ./Src/APPLICATION/Body_Control_Module/bcm_prog.o
 .bss.gl_u8NewFirmwareFlag
                0x000000002000006d        0x1 ./Src/APPLICATION/Body_Control_Module/bcm_prog.o
 .bss.gl_u8Uart1Buffer
                0x000000002000006e        0x1 ./Src/APPLICATION/Body_Control_Module/bcm_prog.o
                0x000000002000006e                gl_u8Uart1Buffer
 .bss.gl_u8Uart2Buffer
                0x000000002000006f        0x1 ./Src/APPLICATION/Body_Control_Module/bcm_prog.o
                0x000000002000006f                gl_u8Uart2Buffer
 .bss.gl_u8NccSpeedLimit
                0x0000000020000070        0x1 ./Src/APPLICATION/Normal_Cruise_Control/ncc_prog.o
 *fill*         0x0000000020000071        0x3 
 .bss.pfForStkCallBack
                0x0000000020000074        0x4 ./Src/MCAL/systick/systick_prog.o
 .bss.g_u8intervalMode
                0x0000000020000078        0x1 ./Src/MCAL/systick/systick_prog.o
 *fill*         0x0000000020000079        0x3 
 .bss.MUSART1_CallBack
                0x000000002000007c        0x4 ./Src/MCAL/usart/usart_prog.o
 .bss.MUSART2_CallBack
                0x0000000020000080        0x4 ./Src/MCAL/usart/usart_prog.o
 .bss.MUSART6_CallBack
                0x0000000020000084        0x4 ./Src/MCAL/usart/usart_prog.o
 *(COMMON)
                0x0000000020000088                . = ALIGN (0x4)
                0x0000000020000088                _ebss = .
                0x0000000020000088                __bss_end__ = _ebss

._user_heap_stack
                0x0000000020000088      0x600 load address 0x00000000080033a0
                0x0000000020000088                . = ALIGN (0x8)
                [!provide]                        PROVIDE (end = .)
                0x0000000020000088                PROVIDE (_end = .)
                0x0000000020000288                . = (. + _Min_Heap_Size)
 *fill*         0x0000000020000088      0x200 
                0x0000000020000688                . = (. + _Min_Stack_Size)
 *fill*         0x0000000020000288      0x400 
                0x0000000020000688                . = ALIGN (0x8)

/DISCARD/
 libc.a(*)
 libm.a(*)
 libgcc.a(*)

.ARM.attributes
                0x0000000000000000       0x30
 *(.ARM.attributes)
 .ARM.attributes
                0x0000000000000000       0x1e C:/ST/STM32CubeIDE_1.11.0/STM32CubeIDE/plugins/com.st.stm32cube.ide.mcu.externaltools.gnu-tools-for-stm32.11.3.rel1.win32_1.1.1.202309131626/tools/bin/../lib/gcc/arm-none-eabi/11.3.1/thumb/v7e-m+fp/hard/crti.o
 .ARM.attributes
                0x000000000000001e       0x34 C:/ST/STM32CubeIDE_1.11.0/STM32CubeIDE/plugins/com.st.stm32cube.ide.mcu.externaltools.gnu-tools-for-stm32.11.3.rel1.win32_1.1.1.202309131626/tools/bin/../lib/gcc/arm-none-eabi/11.3.1/thumb/v7e-m+fp/hard/crtbegin.o
 .ARM.attributes
                0x0000000000000052       0x34 ./Src/APPLICATION/Adaptive_Cruise_Control/acc_prog.o
 .ARM.attributes
                0x0000000000000086       0x34 ./Src/APPLICATION/Automatic_Emergency_Brake/aeb_prog.o
 .ARM.attributes
                0x00000000000000ba       0x34 ./Src/APPLICATION/Body_Control_Module/bcm_prog.o
 .ARM.attributes
                0x00000000000000ee       0x34 ./Src/APPLICATION/Normal_Cruise_Control/ncc_prog.o
 .ARM.attributes
                0x0000000000000122       0x34 ./Src/APPLICATION/User_Dashboard_Interface/udi_prog.o
 .ARM.attributes
                0x0000000000000156       0x34 ./Src/HAL/dcm/dcm_prog.o
 .ARM.attributes
                0x000000000000018a       0x34 ./Src/HAL/hc05/hc05_prog.o
 .ARM.attributes
                0x00000000000001be       0x34 ./Src/HAL/ultrasonic/ultrsonic_prog.o
 .ARM.attributes
                0x00000000000001f2       0x34 ./Src/MCAL/gpio/gpio_prog.o
 .ARM.attributes
                0x0000000000000226       0x34 ./Src/MCAL/nvic/nvic_prog.o
 .ARM.attributes
                0x000000000000025a       0x34 ./Src/MCAL/rcc/rcc_prog.o
 .ARM.attributes
                0x000000000000028e       0x34 ./Src/MCAL/systick/systick_prog.o
 .ARM.attributes
                0x00000000000002c2       0x34 ./Src/MCAL/tmr/tmr_prog.o
 .ARM.attributes
                0x00000000000002f6       0x34 ./Src/MCAL/usart/usart_prog.o
 .ARM.attributes
                0x000000000000032a       0x34 ./Src/main.o
 .ARM.attributes
                0x000000000000035e       0x21 ./Startup/startup_stm32f401ccux.o
 .ARM.attributes
                0x000000000000037f       0x34 C:/ST/STM32CubeIDE_1.11.0/STM32CubeIDE/plugins/com.st.stm32cube.ide.mcu.externaltools.gnu-tools-for-stm32.11.3.rel1.win32_1.1.1.202309131626/tools/bin/../lib/gcc/arm-none-eabi/11.3.1/../../../../arm-none-eabi/lib/thumb/v7e-m+fp/hard\libc_nano.a(libc_a-init.o)
 .ARM.attributes
                0x00000000000003b3       0x34 C:/ST/STM32CubeIDE_1.11.0/STM32CubeIDE/plugins/com.st.stm32cube.ide.mcu.externaltools.gnu-tools-for-stm32.11.3.rel1.win32_1.1.1.202309131626/tools/bin/../lib/gcc/arm-none-eabi/11.3.1/../../../../arm-none-eabi/lib/thumb/v7e-m+fp/hard\libc_nano.a(libc_a-memcpy-stub.o)
 .ARM.attributes
                0x00000000000003e7       0x1e C:/ST/STM32CubeIDE_1.11.0/STM32CubeIDE/plugins/com.st.stm32cube.ide.mcu.externaltools.gnu-tools-for-stm32.11.3.rel1.win32_1.1.1.202309131626/tools/bin/../lib/gcc/arm-none-eabi/11.3.1/thumb/v7e-m+fp/hard\libgcc.a(_arm_addsubdf3.o)
 .ARM.attributes
                0x0000000000000405       0x1e C:/ST/STM32CubeIDE_1.11.0/STM32CubeIDE/plugins/com.st.stm32cube.ide.mcu.externaltools.gnu-tools-for-stm32.11.3.rel1.win32_1.1.1.202309131626/tools/bin/../lib/gcc/arm-none-eabi/11.3.1/thumb/v7e-m+fp/hard\libgcc.a(_arm_muldivdf3.o)
 .ARM.attributes
                0x0000000000000423       0x1e C:/ST/STM32CubeIDE_1.11.0/STM32CubeIDE/plugins/com.st.stm32cube.ide.mcu.externaltools.gnu-tools-for-stm32.11.3.rel1.win32_1.1.1.202309131626/tools/bin/../lib/gcc/arm-none-eabi/11.3.1/thumb/v7e-m+fp/hard\libgcc.a(_arm_fixunsdfsi.o)
 .ARM.attributes
                0x0000000000000441       0x1e C:/ST/STM32CubeIDE_1.11.0/STM32CubeIDE/plugins/com.st.stm32cube.ide.mcu.externaltools.gnu-tools-for-stm32.11.3.rel1.win32_1.1.1.202309131626/tools/bin/../lib/gcc/arm-none-eabi/11.3.1/thumb/v7e-m+fp/hard/crtn.o
OUTPUT(Adaptive_Cruise_Control.elf elf32-littlearm)
LOAD linker stubs
LOAD C:/ST/STM32CubeIDE_1.11.0/STM32CubeIDE/plugins/com.st.stm32cube.ide.mcu.externaltools.gnu-tools-for-stm32.11.3.rel1.win32_1.1.1.202309131626/tools/bin/../lib/gcc/arm-none-eabi/11.3.1/../../../../arm-none-eabi/lib/thumb/v7e-m+fp/hard\libc.a
LOAD C:/ST/STM32CubeIDE_1.11.0/STM32CubeIDE/plugins/com.st.stm32cube.ide.mcu.externaltools.gnu-tools-for-stm32.11.3.rel1.win32_1.1.1.202309131626/tools/bin/../lib/gcc/arm-none-eabi/11.3.1/../../../../arm-none-eabi/lib/thumb/v7e-m+fp/hard\libm.a
LOAD C:/ST/STM32CubeIDE_1.11.0/STM32CubeIDE/plugins/com.st.stm32cube.ide.mcu.externaltools.gnu-tools-for-stm32.11.3.rel1.win32_1.1.1.202309131626/tools/bin/../lib/gcc/arm-none-eabi/11.3.1/thumb/v7e-m+fp/hard\libgcc.a

.comment        0x0000000000000000       0x43
 .comment       0x0000000000000000       0x43 C:/ST/STM32CubeIDE_1.11.0/STM32CubeIDE/plugins/com.st.stm32cube.ide.mcu.externaltools.gnu-tools-for-stm32.11.3.rel1.win32_1.1.1.202309131626/tools/bin/../lib/gcc/arm-none-eabi/11.3.1/thumb/v7e-m+fp/hard/crtbegin.o
                                         0x44 (size before relaxing)
 .comment       0x0000000000000043       0x44 ./Src/APPLICATION/Adaptive_Cruise_Control/acc_prog.o
 .comment       0x0000000000000043       0x44 ./Src/APPLICATION/Automatic_Emergency_Brake/aeb_prog.o
 .comment       0x0000000000000043       0x44 ./Src/APPLICATION/Body_Control_Module/bcm_prog.o
 .comment       0x0000000000000043       0x44 ./Src/APPLICATION/Normal_Cruise_Control/ncc_prog.o
 .comment       0x0000000000000043       0x44 ./Src/APPLICATION/User_Dashboard_Interface/udi_prog.o
 .comment       0x0000000000000043       0x44 ./Src/HAL/dcm/dcm_prog.o
 .comment       0x0000000000000043       0x44 ./Src/HAL/hc05/hc05_prog.o
 .comment       0x0000000000000043       0x44 ./Src/HAL/ultrasonic/ultrsonic_prog.o
 .comment       0x0000000000000043       0x44 ./Src/MCAL/gpio/gpio_prog.o
 .comment       0x0000000000000043       0x44 ./Src/MCAL/nvic/nvic_prog.o
 .comment       0x0000000000000043       0x44 ./Src/MCAL/rcc/rcc_prog.o
 .comment       0x0000000000000043       0x44 ./Src/MCAL/systick/systick_prog.o
 .comment       0x0000000000000043       0x44 ./Src/MCAL/tmr/tmr_prog.o
 .comment       0x0000000000000043       0x44 ./Src/MCAL/usart/usart_prog.o
 .comment       0x0000000000000043       0x44 ./Src/main.o

.debug_info     0x0000000000000000     0x5427
 .debug_info    0x0000000000000000      0x47a ./Src/APPLICATION/Adaptive_Cruise_Control/acc_prog.o
 .debug_info    0x000000000000047a      0x3e7 ./Src/APPLICATION/Automatic_Emergency_Brake/aeb_prog.o
 .debug_info    0x0000000000000861      0xedd ./Src/APPLICATION/Body_Control_Module/bcm_prog.o
 .debug_info    0x000000000000173e      0x406 ./Src/APPLICATION/Normal_Cruise_Control/ncc_prog.o
 .debug_info    0x0000000000001b44      0x50a ./Src/APPLICATION/User_Dashboard_Interface/udi_prog.o
 .debug_info    0x000000000000204e      0x7ac ./Src/HAL/dcm/dcm_prog.o
 .debug_info    0x00000000000027fa      0x807 ./Src/HAL/hc05/hc05_prog.o
 .debug_info    0x0000000000003001       0xf1 ./Src/HAL/ultrasonic/ultrsonic_prog.o
 .debug_info    0x00000000000030f2      0x746 ./Src/MCAL/gpio/gpio_prog.o
 .debug_info    0x0000000000003838      0x3ec ./Src/MCAL/nvic/nvic_prog.o
 .debug_info    0x0000000000003c24      0x4b5 ./Src/MCAL/rcc/rcc_prog.o
 .debug_info    0x00000000000040d9      0x320 ./Src/MCAL/systick/systick_prog.o
 .debug_info    0x00000000000043f9      0x771 ./Src/MCAL/tmr/tmr_prog.o
 .debug_info    0x0000000000004b6a      0x7ef ./Src/MCAL/usart/usart_prog.o
 .debug_info    0x0000000000005359       0xab ./Src/main.o
 .debug_info    0x0000000000005404       0x23 ./Startup/startup_stm32f401ccux.o

.debug_abbrev   0x0000000000000000     0x10ee
 .debug_abbrev  0x0000000000000000      0x117 ./Src/APPLICATION/Adaptive_Cruise_Control/acc_prog.o
 .debug_abbrev  0x0000000000000117       0xf9 ./Src/APPLICATION/Automatic_Emergency_Brake/aeb_prog.o
 .debug_abbrev  0x0000000000000210      0x1e0 ./Src/APPLICATION/Body_Control_Module/bcm_prog.o
 .debug_abbrev  0x00000000000003f0      0x113 ./Src/APPLICATION/Normal_Cruise_Control/ncc_prog.o
 .debug_abbrev  0x0000000000000503      0x147 ./Src/APPLICATION/User_Dashboard_Interface/udi_prog.o
 .debug_abbrev  0x000000000000064a      0x15a ./Src/HAL/dcm/dcm_prog.o
 .debug_abbrev  0x00000000000007a4      0x132 ./Src/HAL/hc05/hc05_prog.o
 .debug_abbrev  0x00000000000008d6       0xbc ./Src/HAL/ultrasonic/ultrsonic_prog.o
 .debug_abbrev  0x0000000000000992      0x100 ./Src/MCAL/gpio/gpio_prog.o
 .debug_abbrev  0x0000000000000a92      0x128 ./Src/MCAL/nvic/nvic_prog.o
 .debug_abbrev  0x0000000000000bba       0xd8 ./Src/MCAL/rcc/rcc_prog.o
 .debug_abbrev  0x0000000000000c92      0x12f ./Src/MCAL/systick/systick_prog.o
 .debug_abbrev  0x0000000000000dc1      0x143 ./Src/MCAL/tmr/tmr_prog.o
 .debug_abbrev  0x0000000000000f04      0x17e ./Src/MCAL/usart/usart_prog.o
 .debug_abbrev  0x0000000000001082       0x5a ./Src/main.o
 .debug_abbrev  0x00000000000010dc       0x12 ./Startup/startup_stm32f401ccux.o

.debug_aranges  0x0000000000000000      0x4b0
 .debug_aranges
                0x0000000000000000       0x38 ./Src/APPLICATION/Adaptive_Cruise_Control/acc_prog.o
 .debug_aranges
                0x0000000000000038       0x28 ./Src/APPLICATION/Automatic_Emergency_Brake/aeb_prog.o
 .debug_aranges
                0x0000000000000060       0x50 ./Src/APPLICATION/Body_Control_Module/bcm_prog.o
 .debug_aranges
                0x00000000000000b0       0x30 ./Src/APPLICATION/Normal_Cruise_Control/ncc_prog.o
 .debug_aranges
                0x00000000000000e0       0x30 ./Src/APPLICATION/User_Dashboard_Interface/udi_prog.o
 .debug_aranges
                0x0000000000000110       0x40 ./Src/HAL/dcm/dcm_prog.o
 .debug_aranges
                0x0000000000000150       0x80 ./Src/HAL/hc05/hc05_prog.o
 .debug_aranges
                0x00000000000001d0       0x38 ./Src/HAL/ultrasonic/ultrsonic_prog.o
 .debug_aranges
                0x0000000000000208       0x70 ./Src/MCAL/gpio/gpio_prog.o
 .debug_aranges
                0x0000000000000278       0x50 ./Src/MCAL/nvic/nvic_prog.o
 .debug_aranges
                0x00000000000002c8       0x30 ./Src/MCAL/rcc/rcc_prog.o
 .debug_aranges
                0x00000000000002f8       0x58 ./Src/MCAL/systick/systick_prog.o
 .debug_aranges
                0x0000000000000350       0x78 ./Src/MCAL/tmr/tmr_prog.o
 .debug_aranges
                0x00000000000003c8       0xa0 ./Src/MCAL/usart/usart_prog.o
 .debug_aranges
                0x0000000000000468       0x20 ./Src/main.o
 .debug_aranges
                0x0000000000000488       0x28 ./Startup/startup_stm32f401ccux.o

.debug_rnglists
                0x0000000000000000      0x357
 .debug_rnglists
                0x0000000000000000       0x26 ./Src/APPLICATION/Adaptive_Cruise_Control/acc_prog.o
 .debug_rnglists
                0x0000000000000026       0x19 ./Src/APPLICATION/Automatic_Emergency_Brake/aeb_prog.o
 .debug_rnglists
                0x000000000000003f       0x3c ./Src/APPLICATION/Body_Control_Module/bcm_prog.o
 .debug_rnglists
                0x000000000000007b       0x1f ./Src/APPLICATION/Normal_Cruise_Control/ncc_prog.o
 .debug_rnglists
                0x000000000000009a       0x1f ./Src/APPLICATION/User_Dashboard_Interface/udi_prog.o
 .debug_rnglists
                0x00000000000000b9       0x2c ./Src/HAL/dcm/dcm_prog.o
 .debug_rnglists
                0x00000000000000e5       0x5b ./Src/HAL/hc05/hc05_prog.o
 .debug_rnglists
                0x0000000000000140       0x26 ./Src/HAL/ultrasonic/ultrsonic_prog.o
 .debug_rnglists
                0x0000000000000166       0x52 ./Src/MCAL/gpio/gpio_prog.o
 .debug_rnglists
                0x00000000000001b8       0x38 ./Src/MCAL/nvic/nvic_prog.o
 .debug_rnglists
                0x00000000000001f0       0x21 ./Src/MCAL/rcc/rcc_prog.o
 .debug_rnglists
                0x0000000000000211       0x4a ./Src/MCAL/systick/systick_prog.o
 .debug_rnglists
                0x000000000000025b       0x5c ./Src/MCAL/tmr/tmr_prog.o
 .debug_rnglists
                0x00000000000002b7       0x74 ./Src/MCAL/usart/usart_prog.o
 .debug_rnglists
                0x000000000000032b       0x13 ./Src/main.o
 .debug_rnglists
                0x000000000000033e       0x19 ./Startup/startup_stm32f401ccux.o

.debug_macro    0x0000000000000000     0x27ef
 .debug_macro   0x0000000000000000       0xc9 ./Src/APPLICATION/Adaptive_Cruise_Control/acc_prog.o
 .debug_macro   0x00000000000000c9      0xaae ./Src/APPLICATION/Adaptive_Cruise_Control/acc_prog.o
 .debug_macro   0x0000000000000b77       0x22 ./Src/APPLICATION/Adaptive_Cruise_Control/acc_prog.o
 .debug_macro   0x0000000000000b99       0x46 ./Src/APPLICATION/Adaptive_Cruise_Control/acc_prog.o
 .debug_macro   0x0000000000000bdf       0x3a ./Src/APPLICATION/Adaptive_Cruise_Control/acc_prog.o
 .debug_macro   0x0000000000000c19       0x16 ./Src/APPLICATION/Adaptive_Cruise_Control/acc_prog.o
 .debug_macro   0x0000000000000c2f       0xa0 ./Src/APPLICATION/Adaptive_Cruise_Control/acc_prog.o
 .debug_macro   0x0000000000000ccf      0x19f ./Src/APPLICATION/Adaptive_Cruise_Control/acc_prog.o
 .debug_macro   0x0000000000000e6e       0x22 ./Src/APPLICATION/Adaptive_Cruise_Control/acc_prog.o
 .debug_macro   0x0000000000000e90       0x1c ./Src/APPLICATION/Adaptive_Cruise_Control/acc_prog.o
 .debug_macro   0x0000000000000eac       0xcf ./Src/APPLICATION/Automatic_Emergency_Brake/aeb_prog.o
 .debug_macro   0x0000000000000f7b       0x16 ./Src/APPLICATION/Automatic_Emergency_Brake/aeb_prog.o
 .debug_macro   0x0000000000000f91      0x2f0 ./Src/APPLICATION/Body_Control_Module/bcm_prog.o
 .debug_macro   0x0000000000001281       0x22 ./Src/APPLICATION/Body_Control_Module/bcm_prog.o
 .debug_macro   0x00000000000012a3       0x5b ./Src/APPLICATION/Body_Control_Module/bcm_prog.o
 .debug_macro   0x00000000000012fe       0x2a ./Src/APPLICATION/Body_Control_Module/bcm_prog.o
 .debug_macro   0x0000000000001328       0x94 ./Src/APPLICATION/Body_Control_Module/bcm_prog.o
 .debug_macro   0x00000000000013bc       0x43 ./Src/APPLICATION/Body_Control_Module/bcm_prog.o
 .debug_macro   0x00000000000013ff       0x34 ./Src/APPLICATION/Body_Control_Module/bcm_prog.o
 .debug_macro   0x0000000000001433       0x16 ./Src/APPLICATION/Body_Control_Module/bcm_prog.o
 .debug_macro   0x0000000000001449       0x57 ./Src/APPLICATION/Body_Control_Module/bcm_prog.o
 .debug_macro   0x00000000000014a0       0x97 ./Src/APPLICATION/Body_Control_Module/bcm_prog.o
 .debug_macro   0x0000000000001537      0x369 ./Src/APPLICATION/Body_Control_Module/bcm_prog.o
 .debug_macro   0x00000000000018a0       0xfd ./Src/APPLICATION/Body_Control_Module/bcm_prog.o
 .debug_macro   0x000000000000199d       0x10 ./Src/APPLICATION/Body_Control_Module/bcm_prog.o
 .debug_macro   0x00000000000019ad       0x16 ./Src/APPLICATION/Body_Control_Module/bcm_prog.o
 .debug_macro   0x00000000000019c3       0x43 ./Src/APPLICATION/Body_Control_Module/bcm_prog.o
 .debug_macro   0x0000000000001a06       0x34 ./Src/APPLICATION/Body_Control_Module/bcm_prog.o
 .debug_macro   0x0000000000001a3a       0x10 ./Src/APPLICATION/Body_Control_Module/bcm_prog.o
 .debug_macro   0x0000000000001a4a       0x58 ./Src/APPLICATION/Body_Control_Module/bcm_prog.o
 .debug_macro   0x0000000000001aa2       0x8e ./Src/APPLICATION/Body_Control_Module/bcm_prog.o
 .debug_macro   0x0000000000001b30       0x1c ./Src/APPLICATION/Body_Control_Module/bcm_prog.o
 .debug_macro   0x0000000000001b4c      0x177 ./Src/APPLICATION/Body_Control_Module/bcm_prog.o
 .debug_macro   0x0000000000001cc3       0x16 ./Src/APPLICATION/Body_Control_Module/bcm_prog.o
 .debug_macro   0x0000000000001cd9       0x16 ./Src/APPLICATION/Body_Control_Module/bcm_prog.o
 .debug_macro   0x0000000000001cef      0x147 ./Src/APPLICATION/Body_Control_Module/bcm_prog.o
 .debug_macro   0x0000000000001e36       0x16 ./Src/APPLICATION/Body_Control_Module/bcm_prog.o
 .debug_macro   0x0000000000001e4c       0x35 ./Src/APPLICATION/Body_Control_Module/bcm_prog.o
 .debug_macro   0x0000000000001e81       0x16 ./Src/APPLICATION/Body_Control_Module/bcm_prog.o
 .debug_macro   0x0000000000001e97       0x29 ./Src/APPLICATION/Body_Control_Module/bcm_prog.o
 .debug_macro   0x0000000000001ec0       0x16 ./Src/APPLICATION/Body_Control_Module/bcm_prog.o
 .debug_macro   0x0000000000001ed6       0x20 ./Src/APPLICATION/Body_Control_Module/bcm_prog.o
 .debug_macro   0x0000000000001ef6       0xb2 ./Src/APPLICATION/Body_Control_Module/bcm_prog.o
 .debug_macro   0x0000000000001fa8       0x40 ./Src/APPLICATION/Body_Control_Module/bcm_prog.o
 .debug_macro   0x0000000000001fe8       0x22 ./Src/APPLICATION/Body_Control_Module/bcm_prog.o
 .debug_macro   0x000000000000200a       0x22 ./Src/APPLICATION/Body_Control_Module/bcm_prog.o
 .debug_macro   0x000000000000202c       0x34 ./Src/APPLICATION/Body_Control_Module/bcm_prog.o
 .debug_macro   0x0000000000002060       0x16 ./Src/APPLICATION/Body_Control_Module/bcm_prog.o
 .debug_macro   0x0000000000002076       0xd5 ./Src/APPLICATION/Normal_Cruise_Control/ncc_prog.o
 .debug_macro   0x000000000000214b       0x81 ./Src/APPLICATION/User_Dashboard_Interface/udi_prog.o
 .debug_macro   0x00000000000021cc       0x80 ./Src/HAL/dcm/dcm_prog.o
 .debug_macro   0x000000000000224c       0x77 ./Src/HAL/hc05/hc05_prog.o
 .debug_macro   0x00000000000022c3       0x29 ./Src/HAL/ultrasonic/ultrsonic_prog.o
 .debug_macro   0x00000000000022ec       0x3f ./Src/MCAL/gpio/gpio_prog.o
 .debug_macro   0x000000000000232b       0x3f ./Src/MCAL/nvic/nvic_prog.o
 .debug_macro   0x000000000000236a       0x3f ./Src/MCAL/rcc/rcc_prog.o
 .debug_macro   0x00000000000023a9       0x3f ./Src/MCAL/systick/systick_prog.o
 .debug_macro   0x00000000000023e8       0x2e ./Src/MCAL/systick/systick_prog.o
 .debug_macro   0x0000000000002416       0x22 ./Src/MCAL/systick/systick_prog.o
 .debug_macro   0x0000000000002438       0x64 ./Src/MCAL/tmr/tmr_prog.o
 .debug_macro   0x000000000000249c       0x63 ./Src/MCAL/usart/usart_prog.o
 .debug_macro   0x00000000000024ff      0x2f0 ./Src/main.o

.debug_line     0x0000000000000000     0x6626
 .debug_line    0x0000000000000000      0x875 ./Src/APPLICATION/Adaptive_Cruise_Control/acc_prog.o
 .debug_line    0x0000000000000875      0x76a ./Src/APPLICATION/Automatic_Emergency_Brake/aeb_prog.o
 .debug_line    0x0000000000000fdf     0x1a89 ./Src/APPLICATION/Body_Control_Module/bcm_prog.o
 .debug_line    0x0000000000002a68      0x75c ./Src/APPLICATION/Normal_Cruise_Control/ncc_prog.o
 .debug_line    0x00000000000031c4      0x43d ./Src/APPLICATION/User_Dashboard_Interface/udi_prog.o
 .debug_line    0x0000000000003601      0x38b ./Src/HAL/dcm/dcm_prog.o
 .debug_line    0x000000000000398c      0x39e ./Src/HAL/hc05/hc05_prog.o
 .debug_line    0x0000000000003d2a      0x15a ./Src/HAL/ultrasonic/ultrsonic_prog.o
 .debug_line    0x0000000000003e84      0x36b ./Src/MCAL/gpio/gpio_prog.o
 .debug_line    0x00000000000041ef      0x24f ./Src/MCAL/nvic/nvic_prog.o
 .debug_line    0x000000000000443e      0x1c8 ./Src/MCAL/rcc/rcc_prog.o
 .debug_line    0x0000000000004606      0x2df ./Src/MCAL/systick/systick_prog.o
 .debug_line    0x00000000000048e5      0x50f ./Src/MCAL/tmr/tmr_prog.o
 .debug_line    0x0000000000004df4      0x5c7 ./Src/MCAL/usart/usart_prog.o
 .debug_line    0x00000000000053bb     0x11f0 ./Src/main.o
 .debug_line    0x00000000000065ab       0x7b ./Startup/startup_stm32f401ccux.o

.debug_str      0x0000000000000000     0xb2de
 .debug_str     0x0000000000000000     0x4474 ./Src/APPLICATION/Adaptive_Cruise_Control/acc_prog.o
                                       0x44fd (size before relaxing)
 .debug_str     0x0000000000004474      0x120 ./Src/APPLICATION/Automatic_Emergency_Brake/aeb_prog.o
                                       0x44c2 (size before relaxing)
 .debug_str     0x0000000000004594     0x57d9 ./Src/APPLICATION/Body_Control_Module/bcm_prog.o
                                       0x9d9b (size before relaxing)
 .debug_str     0x0000000000009d6d       0x41 ./Src/APPLICATION/Normal_Cruise_Control/ncc_prog.o
                                       0x44c9 (size before relaxing)
 .debug_str     0x0000000000009dae       0xd9 ./Src/APPLICATION/User_Dashboard_Interface/udi_prog.o
                                       0x445a (size before relaxing)
 .debug_str     0x0000000000009e87      0x2fa ./Src/HAL/dcm/dcm_prog.o
                                       0x3e41 (size before relaxing)
 .debug_str     0x000000000000a181      0x217 ./Src/HAL/hc05/hc05_prog.o
                                       0x464c (size before relaxing)
 .debug_str     0x000000000000a398       0x3f ./Src/HAL/ultrasonic/ultrsonic_prog.o
                                       0x2fe7 (size before relaxing)
 .debug_str     0x000000000000a3d7      0x165 ./Src/MCAL/gpio/gpio_prog.o
                                       0x3945 (size before relaxing)
 .debug_str     0x000000000000a53c      0x1c6 ./Src/MCAL/nvic/nvic_prog.o
                                       0x34a2 (size before relaxing)
 .debug_str     0x000000000000a702      0x476 ./Src/MCAL/rcc/rcc_prog.o
                                       0x3bd5 (size before relaxing)
 .debug_str     0x000000000000ab78      0x402 ./Src/MCAL/systick/systick_prog.o
                                       0x345b (size before relaxing)
 .debug_str     0x000000000000af7a      0x22c ./Src/MCAL/tmr/tmr_prog.o
                                       0x3dc4 (size before relaxing)
 .debug_str     0x000000000000b1a6       0xf6 ./Src/MCAL/usart/usart_prog.o
                                       0x4569 (size before relaxing)
 .debug_str     0x000000000000b29c       0x13 ./Src/main.o
                                       0x87a5 (size before relaxing)
 .debug_str     0x000000000000b2af       0x2f ./Startup/startup_stm32f401ccux.o
                                         0x8d (size before relaxing)

.debug_frame    0x0000000000000000     0x1104
 .debug_frame   0x0000000000000000       0xa8 ./Src/APPLICATION/Adaptive_Cruise_Control/acc_prog.o
 .debug_frame   0x00000000000000a8       0x50 ./Src/APPLICATION/Automatic_Emergency_Brake/aeb_prog.o
 .debug_frame   0x00000000000000f8       0xfc ./Src/APPLICATION/Body_Control_Module/bcm_prog.o
 .debug_frame   0x00000000000001f4       0x7c ./Src/APPLICATION/Normal_Cruise_Control/ncc_prog.o
 .debug_frame   0x0000000000000270       0x7c ./Src/APPLICATION/User_Dashboard_Interface/udi_prog.o
 .debug_frame   0x00000000000002ec       0xc8 ./Src/HAL/dcm/dcm_prog.o
 .debug_frame   0x00000000000003b4      0x1e4 ./Src/HAL/hc05/hc05_prog.o
 .debug_frame   0x0000000000000598       0x98 ./Src/HAL/ultrasonic/ultrsonic_prog.o
 .debug_frame   0x0000000000000630      0x1c0 ./Src/MCAL/gpio/gpio_prog.o
 .debug_frame   0x00000000000007f0      0x12c ./Src/MCAL/nvic/nvic_prog.o
 .debug_frame   0x000000000000091c       0x88 ./Src/MCAL/rcc/rcc_prog.o
 .debug_frame   0x00000000000009a4      0x14c ./Src/MCAL/systick/systick_prog.o
 .debug_frame   0x0000000000000af0      0x1ec ./Src/MCAL/tmr/tmr_prog.o
 .debug_frame   0x0000000000000cdc      0x288 ./Src/MCAL/usart/usart_prog.o
 .debug_frame   0x0000000000000f64       0x2c ./Src/main.o
 .debug_frame   0x0000000000000f90       0x2c C:/ST/STM32CubeIDE_1.11.0/STM32CubeIDE/plugins/com.st.stm32cube.ide.mcu.externaltools.gnu-tools-for-stm32.11.3.rel1.win32_1.1.1.202309131626/tools/bin/../lib/gcc/arm-none-eabi/11.3.1/../../../../arm-none-eabi/lib/thumb/v7e-m+fp/hard\libc_nano.a(libc_a-init.o)
 .debug_frame   0x0000000000000fbc       0x28 C:/ST/STM32CubeIDE_1.11.0/STM32CubeIDE/plugins/com.st.stm32cube.ide.mcu.externaltools.gnu-tools-for-stm32.11.3.rel1.win32_1.1.1.202309131626/tools/bin/../lib/gcc/arm-none-eabi/11.3.1/../../../../arm-none-eabi/lib/thumb/v7e-m+fp/hard\libc_nano.a(libc_a-memcpy-stub.o)
 .debug_frame   0x0000000000000fe4       0xac C:/ST/STM32CubeIDE_1.11.0/STM32CubeIDE/plugins/com.st.stm32cube.ide.mcu.externaltools.gnu-tools-for-stm32.11.3.rel1.win32_1.1.1.202309131626/tools/bin/../lib/gcc/arm-none-eabi/11.3.1/thumb/v7e-m+fp/hard\libgcc.a(_arm_addsubdf3.o)
 .debug_frame   0x0000000000001090       0x50 C:/ST/STM32CubeIDE_1.11.0/STM32CubeIDE/plugins/com.st.stm32cube.ide.mcu.externaltools.gnu-tools-for-stm32.11.3.rel1.win32_1.1.1.202309131626/tools/bin/../lib/gcc/arm-none-eabi/11.3.1/thumb/v7e-m+fp/hard\libgcc.a(_arm_muldivdf3.o)
 .debug_frame   0x00000000000010e0       0x24 C:/ST/STM32CubeIDE_1.11.0/STM32CubeIDE/plugins/com.st.stm32cube.ide.mcu.externaltools.gnu-tools-for-stm32.11.3.rel1.win32_1.1.1.202309131626/tools/bin/../lib/gcc/arm-none-eabi/11.3.1/thumb/v7e-m+fp/hard\libgcc.a(_arm_fixunsdfsi.o)

.debug_line_str
                0x0000000000000000       0x81
 .debug_line_str
                0x0000000000000000       0x81 ./Startup/startup_stm32f401ccux.o
                                         0x99 (size before relaxing)
