Archive member included to satisfy reference by file (symbol)

C:/ST/STM32CubeIDE_1.11.0/STM32CubeIDE/plugins/com.st.stm32cube.ide.mcu.externaltools.gnu-tools-for-stm32.11.3.rel1.win32_1.1.1.202309131626/tools/bin/../lib/gcc/arm-none-eabi/11.3.1/../../../../arm-none-eabi/lib/thumb/v7e-m+fp/hard\libc_nano.a(libc_a-atoi.o)
                              ./Src/APPLICATION/Body_Control_Module/bcm_prog.o (atoi)
C:/ST/STM32CubeIDE_1.11.0/STM32CubeIDE/plugins/com.st.stm32cube.ide.mcu.externaltools.gnu-tools-for-stm32.11.3.rel1.win32_1.1.1.202309131626/tools/bin/../lib/gcc/arm-none-eabi/11.3.1/../../../../arm-none-eabi/lib/thumb/v7e-m+fp/hard\libc_nano.a(libc_a-exit.o)
                              C:/ST/STM32CubeIDE_1.11.0/STM32CubeIDE/plugins/com.st.stm32cube.ide.mcu.externaltools.gnu-tools-for-stm32.11.3.rel1.win32_1.1.1.202309131626/tools/bin/../lib/gcc/arm-none-eabi/11.3.1/../../../../arm-none-eabi/lib/thumb/v7e-m+fp/hard/crt0.o (exit)
C:/ST/STM32CubeIDE_1.11.0/STM32CubeIDE/plugins/com.st.stm32cube.ide.mcu.externaltools.gnu-tools-for-stm32.11.3.rel1.win32_1.1.1.202309131626/tools/bin/../lib/gcc/arm-none-eabi/11.3.1/../../../../arm-none-eabi/lib/thumb/v7e-m+fp/hard\libc_nano.a(libc_a-strtol.o)
                              C:/ST/STM32CubeIDE_1.11.0/STM32CubeIDE/plugins/com.st.stm32cube.ide.mcu.externaltools.gnu-tools-for-stm32.11.3.rel1.win32_1.1.1.202309131626/tools/bin/../lib/gcc/arm-none-eabi/11.3.1/../../../../arm-none-eabi/lib/thumb/v7e-m+fp/hard\libc_nano.a(libc_a-atoi.o) (_strtol_r)
C:/ST/STM32CubeIDE_1.11.0/STM32CubeIDE/plugins/com.st.stm32cube.ide.mcu.externaltools.gnu-tools-for-stm32.11.3.rel1.win32_1.1.1.202309131626/tools/bin/../lib/gcc/arm-none-eabi/11.3.1/../../../../arm-none-eabi/lib/thumb/v7e-m+fp/hard\libc_nano.a(libc_a-ctype_.o)
                              C:/ST/STM32CubeIDE_1.11.0/STM32CubeIDE/plugins/com.st.stm32cube.ide.mcu.externaltools.gnu-tools-for-stm32.11.3.rel1.win32_1.1.1.202309131626/tools/bin/../lib/gcc/arm-none-eabi/11.3.1/../../../../arm-none-eabi/lib/thumb/v7e-m+fp/hard\libc_nano.a(libc_a-strtol.o) (_ctype_)
C:/ST/STM32CubeIDE_1.11.0/STM32CubeIDE/plugins/com.st.stm32cube.ide.mcu.externaltools.gnu-tools-for-stm32.11.3.rel1.win32_1.1.1.202309131626/tools/bin/../lib/gcc/arm-none-eabi/11.3.1/../../../../arm-none-eabi/lib/thumb/v7e-m+fp/hard\libc_nano.a(libc_a-findfp.o)
                              C:/ST/STM32CubeIDE_1.11.0/STM32CubeIDE/plugins/com.st.stm32cube.ide.mcu.externaltools.gnu-tools-for-stm32.11.3.rel1.win32_1.1.1.202309131626/tools/bin/../lib/gcc/arm-none-eabi/11.3.1/../../../../arm-none-eabi/lib/thumb/v7e-m+fp/hard\libc_nano.a(libc_a-exit.o) (__stdio_exit_handler)
C:/ST/STM32CubeIDE_1.11.0/STM32CubeIDE/plugins/com.st.stm32cube.ide.mcu.externaltools.gnu-tools-for-stm32.11.3.rel1.win32_1.1.1.202309131626/tools/bin/../lib/gcc/arm-none-eabi/11.3.1/../../../../arm-none-eabi/lib/thumb/v7e-m+fp/hard\libc_nano.a(libc_a-fwalk.o)
                              C:/ST/STM32CubeIDE_1.11.0/STM32CubeIDE/plugins/com.st.stm32cube.ide.mcu.externaltools.gnu-tools-for-stm32.11.3.rel1.win32_1.1.1.202309131626/tools/bin/../lib/gcc/arm-none-eabi/11.3.1/../../../../arm-none-eabi/lib/thumb/v7e-m+fp/hard\libc_nano.a(libc_a-findfp.o) (_fwalk_sglue)
C:/ST/STM32CubeIDE_1.11.0/STM32CubeIDE/plugins/com.st.stm32cube.ide.mcu.externaltools.gnu-tools-for-stm32.11.3.rel1.win32_1.1.1.202309131626/tools/bin/../lib/gcc/arm-none-eabi/11.3.1/../../../../arm-none-eabi/lib/thumb/v7e-m+fp/hard\libc_nano.a(libc_a-stdio.o)
                              C:/ST/STM32CubeIDE_1.11.0/STM32CubeIDE/plugins/com.st.stm32cube.ide.mcu.externaltools.gnu-tools-for-stm32.11.3.rel1.win32_1.1.1.202309131626/tools/bin/../lib/gcc/arm-none-eabi/11.3.1/../../../../arm-none-eabi/lib/thumb/v7e-m+fp/hard\libc_nano.a(libc_a-findfp.o) (__sread)
C:/ST/STM32CubeIDE_1.11.0/STM32CubeIDE/plugins/com.st.stm32cube.ide.mcu.externaltools.gnu-tools-for-stm32.11.3.rel1.win32_1.1.1.202309131626/tools/bin/../lib/gcc/arm-none-eabi/11.3.1/../../../../arm-none-eabi/lib/thumb/v7e-m+fp/hard\libc_nano.a(libc_a-memset.o)
                              C:/ST/STM32CubeIDE_1.11.0/STM32CubeIDE/plugins/com.st.stm32cube.ide.mcu.externaltools.gnu-tools-for-stm32.11.3.rel1.win32_1.1.1.202309131626/tools/bin/../lib/gcc/arm-none-eabi/11.3.1/../../../../arm-none-eabi/lib/thumb/v7e-m+fp/hard/crt0.o (memset)
C:/ST/STM32CubeIDE_1.11.0/STM32CubeIDE/plugins/com.st.stm32cube.ide.mcu.externaltools.gnu-tools-for-stm32.11.3.rel1.win32_1.1.1.202309131626/tools/bin/../lib/gcc/arm-none-eabi/11.3.1/../../../../arm-none-eabi/lib/thumb/v7e-m+fp/hard\libc_nano.a(libc_a-closer.o)
                              C:/ST/STM32CubeIDE_1.11.0/STM32CubeIDE/plugins/com.st.stm32cube.ide.mcu.externaltools.gnu-tools-for-stm32.11.3.rel1.win32_1.1.1.202309131626/tools/bin/../lib/gcc/arm-none-eabi/11.3.1/../../../../arm-none-eabi/lib/thumb/v7e-m+fp/hard\libc_nano.a(libc_a-stdio.o) (_close_r)
[...]
Memory Configuration

Name             Origin             Length             Attributes
RAM              0x0000000020000000 0x0000000000010000 xrw
FLASH            0x0000000008000000 0x0000000000040000 xr
*default*        0x0000000000000000 0xffffffffffffffff

Linker script and memory map

LOAD C:/ST/STM32CubeIDE_1.11.0/STM32CubeIDE/plugins/com.st.stm32cube.ide.mcu.externaltools.gnu-tools-for-stm32.11.3.rel1.win32_1.1.1.202309131626/tools/bin/../lib/gcc/arm-none-eabi/11.3.1/thumb/v7e-m+fp/hard/crti.o
LOAD C:/ST/STM32CubeIDE_1.11.0/STM32CubeIDE/plugins/com.st.stm32cube.ide.mcu.externaltools.gnu-tools-for-stm32.11.3.rel1.win32_1.1.1.202309131626/tools/bin/../lib/gcc/arm-none-eabi/11.3.1/thumb/v7e-m+fp/hard/crtbegin.o
LOAD C:/ST/STM32CubeIDE_1.11.0/STM32CubeIDE/plugins/com.st.stm32cube.ide.mcu.externaltools.gnu-tools-for-stm32.11.3.rel1.win32_1.1.1.202309131626/tools/bin/../lib/gcc/arm-none-eabi/11.3.1/../../../../arm-none-eabi/lib/thumb/v7e-m+fp/hard/crt0.o
LOAD ./Src/APPLICATION/Adaptive_Cruise_Control/acc_prog.o
LOAD ./Src/APPLICATION/Automatic_Emergency_Brake/aeb_prog.o
LOAD ./Src/APPLICATION/Body_Control_Module/bcm_prog.o
LOAD ./Src/APPLICATION/Normal_Cruise_Control/ncc_prog.o
LOAD ./Src/APPLICATION/User_Dashboard_Interface/udi_prog.o
LOAD ./Src/HAL/dcm/dcm_prog.o
LOAD ./Src/HAL/hc05/hc05_prog.o
LOAD ./Src/HAL/ultrasonic/ultrsonic_prog.o
LOAD ./Src/MCAL/gpio/gpio_prog.o
LOAD ./Src/MCAL/nvic/nvic_prog.o
LOAD ./Src/MCAL/rcc/rcc_prog.o
LOAD ./Src/MCAL/systick/systick_prog.o
LOAD ./Src/MCAL/tmr/tmr_prog.o
LOAD ./Src/MCAL/usart/usart_prog.o
LOAD ./Src/main.o
LOAD ./Src/syscalls.o
LOAD ./Src/sysmem.o
LOAD ./Startup/startup_stm32f401ccux.o
START GROUP
LOAD C:/ST/STM32CubeIDE_1.11.0/STM32CubeIDE/plugins/com.st.stm32cube.ide.mcu.externaltools.gnu-tools-for-stm32.11.3.rel1.win32_1.1.1.202309131626/tools/bin/../lib/gcc/arm-none-eabi/11.3.1/../../../../arm-none-eabi/lib/thumb/v7e-m+fp/hard\libc_nano.a
LOAD C:/ST/STM32CubeIDE_1.11.0/STM32CubeIDE/plugins/com.st.stm32cube.ide.mcu.externaltools.gnu-tools-for-stm32.11.3.rel1.win32_1.1.1.202309131626/tools/bin/../lib/gcc/arm-none-eabi/11.3.1/../../../../arm-none-eabi/lib/thumb/v7e-m+fp/hard\libm.a
END GROUP
START GROUP
LOAD C:/ST/STM32CubeIDE_1.11.0/STM32CubeIDE/plugins/com.st.stm32cube.ide.mcu.externaltools.gnu-tools-for-stm32.11.3.rel1.win32_1.1.1.202309131626/tools/bin/../lib/gcc/arm-none-eabi/11.3.1/thumb/v7e-m+fp/hard\libgcc.a
LOAD C:/ST/STM32CubeIDE_1.11.0/STM32CubeIDE/plugins/com.st.stm32cube.ide.mcu.externaltools.gnu-tools-for-stm32.11.3.rel1.win32_1.1.1.202309131626/tools/bin/../lib/gcc/arm-none-eabi/11.3.1/../../../../arm-none-eabi/lib/thumb/v7e-m+fp/hard\libc_nano.a
END GROUP
START GROUP
LOAD C:/ST/STM32CubeIDE_1.11.0/STM32CubeIDE/plugins/com.st.stm32cube.ide.mcu.externaltools.gnu-tools-for-stm32.11.3.rel1.win32_1.1.1.202309131626/tools/bin/../lib/gcc/arm-none-eabi/11.3.1/thumb/v7e-m+fp/hard\libgcc.a
LOAD C:/ST/STM32CubeIDE_1.11.0/STM32CubeIDE/plugins/com.st.stm32cube.ide.mcu.externaltools.gnu-tools-for-stm32.11.3.rel1.win32_1.1.1.202309131626/tools/bin/../lib/gcc/arm-none-eabi/11.3.1/../../../../arm-none-eabi/lib/thumb/v7e-m+fp/hard\libc_nano.a
LOAD C:/ST/STM32CubeIDE_1.11.0/STM32CubeIDE/plugins/com.st.stm32cube.ide.mcu.externaltools.gnu-tools-for-stm32.11.3.rel1.win32_1.1.1.202309131626/tools/bin/../lib/gcc/arm-none-eabi/11.3.1/../../../../arm-none-eabi/lib/thumb/v7e-m+fp/hard\libnosys.a
END GROUP
START GROUP
LOAD C:/ST/STM32CubeIDE_1.11.0/STM32CubeIDE/plugins/com.st.stm32cube.ide.mcu.externaltools.gnu-tools-for-stm32.11.3.rel1.win32_1.1.1.202309131626/tools/bin/../lib/gcc/arm-none-eabi/11.3.1/thumb/v7e-m+fp/hard\libgcc.a
LOAD C:/ST/STM32CubeIDE_1.11.0/STM32CubeIDE/plugins/com.st.stm32cube.ide.mcu.externaltools.gnu-tools-for-stm32.11.3.rel1.win32_1.1.1.202309131626/tools/bin/../lib/gcc/arm-none-eabi/11.3.1/../../../../arm-none-eabi/lib/thumb/v7e-m+fp/hard\libc_nano.a
LOAD C:/ST/STM32CubeIDE_1.11.0/STM32CubeIDE/plugins/com.st.stm32cube.ide.mcu.externaltools.gnu-tools-for-stm32.11.3.rel1.win32_1.1.1.202309131626/tools/bin/../lib/gcc/arm-none-eabi/11.3.1/../../../../arm-none-eabi/lib/thumb/v7e-m+fp/hard\libnosys.a
END GROUP
LOAD C:/ST/STM32CubeIDE_1.11.0/STM32CubeIDE/plugins/com.st.stm32cube.ide.mcu.externaltools.gnu-tools-for-stm32.11.3.rel1.win32_1.1.1.202309131626/tools/bin/../lib/gcc/arm-none-eabi/11.3.1/thumb/v7e-m+fp/hard/crtend.o
LOAD C:/ST/STM32CubeIDE_1.11.0/STM32CubeIDE/plugins/com.st.stm32cube.ide.mcu.externaltools.gnu-tools-for-stm32.11.3.rel1.win32_1.1.1.202309131626/tools/bin/../lib/gcc/arm-none-eabi/11.3.1/thumb/v7e-m+fp/hard/crtn.o
                0x0000000020010000                _estack = (ORIGIN (RAM) + LENGTH (RAM))
                0x0000000000000200                _Min_Heap_Size = 0x200
                0x0000000000000400                _Min_Stack_Size = 0x400

.isr_vector     0x0000000008000000      0x194
                0x0000000008000000                . = ALIGN (0x4)
 *(.isr_vector)
 .isr_vector    0x0000000008000000      0x194 ./Startup/startup_stm32f401ccux.o
                0x0000000008000000                g_pfnVectors
                0x0000000008000194                . = ALIGN (0x4)

.text           0x0000000008000198     0x288c
                0x0000000008000198                . = ALIGN (0x4)
 *(.text)
 .text          0x0000000008000198       0x40 C:/ST/STM32CubeIDE_1.11.0/STM32CubeIDE/plugins/com.st.stm32cube.ide.mcu.externaltools.gnu-tools-for-stm32.11.3.rel1.win32_1.1.1.202309131626/tools/bin/../lib/gcc/arm-none-eabi/11.3.1/thumb/v7e-m+fp/hard/crtbegin.o
 .text          0x00000000080001d8      0x378 C:/ST/STM32CubeIDE_1.11.0/STM32CubeIDE/plugins/com.st.stm32cube.ide.mcu.externaltools.gnu-tools-for-stm32.11.3.rel1.win32_1.1.1.202309131626/tools/bin/../lib/gcc/arm-none-eabi/11.3.1/thumb/v7e-m+fp/hard\libgcc.a(_arm_addsubdf3.o)
                0x00000000080001d8                __aeabi_drsub
                0x00000000080001e0                __aeabi_dsub
                0x00000000080001e0                __subdf3
                0x00000000080001e4                __aeabi_dadd
                0x00000000080001e4                __adddf3
                0x000000000800045c                __floatunsidf
                0x000000000800045c                __aeabi_ui2d
                0x000000000800047c                __floatsidf
                0x000000000800047c                __aeabi_i2d
                0x00000000080004a0                __aeabi_f2d
                0x00000000080004a0                __extendsfdf2
                0x00000000080004e4                __floatundidf
                0x00000000080004e4                __aeabi_ul2d
                0x00000000080004f4                __floatdidf
                0x00000000080004f4                __aeabi_l2d
 .text          0x0000000008000550      0x424 C:/ST/STM32CubeIDE_1.11.0/STM32CubeIDE/plugins/com.st.stm32cube.ide.mcu.externaltools.gnu-tools-for-stm32.11.3.rel1.win32_1.1.1.202309131626/tools/bin/../lib/gcc/arm-none-eabi/11.3.1/thumb/v7e-m+fp/hard\libgcc.a(_arm_muldivdf3.o)
                0x0000000008000550                __aeabi_dmul
                0x0000000008000550                __muldf3
                0x00000000080007a4                __divdf3
                0x00000000080007a4                __aeabi_ddiv
 .text          0x0000000008000974       0x40 C:/ST/STM32CubeIDE_1.11.0/STM32CubeIDE/plugins/com.st.stm32cube.ide.mcu.externaltools.gnu-tools-for-stm32.11.3.rel1.win32_1.1.1.202309131626/tools/bin/../lib/gcc/arm-none-eabi/11.3.1/thumb/v7e-m+fp/hard\libgcc.a(_arm_fixunsdfsi.o)
                0x0000000008000974                __aeabi_d2uiz
                0x0000000008000974                __fixunsdfsi
 *(.text*)
 .text.AACC_vSetSpeedLimit
                0x00000000080009b4       0x40 ./Src/APPLICATION/Adaptive_Cruise_Control/acc_prog.o
                0x00000000080009b4                AACC_vSetSpeedLimit
 .text.AACC_vControlingCar
                0x00000000080009f4      0x16c ./Src/APPLICATION/Adaptive_Cruise_Control/acc_prog.o
                0x00000000080009f4                AACC_vControlingCar
 .text.AACC_vStopAcc
                0x0000000008000b60       0x22 ./Src/APPLICATION/Adaptive_Cruise_Control/acc_prog.o
                0x0000000008000b60                AACC_vStopAcc
 *fill*         0x0000000008000b82        0x2 
 .text.AAEB_vIsReady
                0x0000000008000b84       0x18 ./Src/APPLICATION/Automatic_Emergency_Brake/aeb_prog.o
                0x0000000008000b84                AAEB_vIsReady
 .text.ESP_Callback
                0x0000000008000b9c       0x44 ./Src/APPLICATION/Body_Control_Module/bcm_prog.o
                0x0000000008000b9c                ESP_Callback
 .text.HC05_Callback
                0x0000000008000be0       0x38 ./Src/APPLICATION/Body_Control_Module/bcm_prog.o
                0x0000000008000be0                HC05_Callback
 .text.ABCM_vSysInit
                0x0000000008000c18      0x128 ./Src/APPLICATION/Body_Control_Module/bcm_prog.o
                0x0000000008000c18                ABCM_vSysInit
 .text.ABCM_vSysMangment
                0x0000000008000d40      0x1f4 ./Src/APPLICATION/Body_Control_Module/bcm_prog.o
                0x0000000008000d40                ABCM_vSysMangment
 .text.ABCM_uddtDetermineCarState
                0x0000000008000f34      0x2c4 ./Src/APPLICATION/Body_Control_Module/bcm_prog.o
                0x0000000008000f34                ABCM_uddtDetermineCarState
 .text.ABCM_uddtFaultDetection
                0x00000000080011f8      0x128 ./Src/APPLICATION/Body_Control_Module/bcm_prog.o
                0x00000000080011f8                ABCM_uddtFaultDetection
 .text.ANCC_vSetNccSpeed
                0x0000000008001320       0x34 ./Src/APPLICATION/Normal_Cruise_Control/ncc_prog.o
                0x0000000008001320                ANCC_vSetNccSpeed
 .text.ANCC_vStopNcc
                0x0000000008001354       0x1c ./Src/APPLICATION/Normal_Cruise_Control/ncc_prog.o
                0x0000000008001354                ANCC_vStopNcc
 .text.AUDI_vInitInterface
                0x0000000008001370       0x30 ./Src/APPLICATION/User_Dashboard_Interface/udi_prog.o
                0x0000000008001370                AUDI_vInitInterface
 .text.AUDI_vStandByDashboard
                0x00000000080013a0       0x78 ./Src/APPLICATION/User_Dashboard_Interface/udi_prog.o
                0x00000000080013a0                AUDI_vStandByDashboard
 .text.AUDI_vOnDashboard
                0x0000000008001418       0x4c ./Src/APPLICATION/User_Dashboard_Interface/udi_prog.o
                0x0000000008001418                AUDI_vOnDashboard
 .text.HDCM_init
                0x0000000008001464      0x110 ./Src/HAL/dcm/dcm_prog.o
                0x0000000008001464                HDCM_init
 .text.HDCM_turnOff
                0x0000000008001574       0x42 ./Src/HAL/dcm/dcm_prog.o
                0x0000000008001574                HDCM_turnOff
 .text.HDCM_turnOn
                0x00000000080015b6       0x7e ./Src/HAL/dcm/dcm_prog.o
                0x00000000080015b6                HDCM_turnOn
 .text.HDCM_controlSpeed
                0x0000000008001634       0x68 ./Src/HAL/dcm/dcm_prog.o
                0x0000000008001634                HDCM_controlSpeed
 .text.HHC05_uddtInit
                0x000000000800169c       0x20 ./Src/HAL/hc05/hc05_prog.o
                0x000000000800169c                HHC05_uddtInit
 .text.HHC05_uddtEnable
                0x00000000080016bc       0x1c ./Src/HAL/hc05/hc05_prog.o
                0x00000000080016bc                HHC05_uddtEnable
 .text.HHC05_uddtTransmitByte
                0x00000000080016d8       0x24 ./Src/HAL/hc05/hc05_prog.o
                0x00000000080016d8                HHC05_uddtTransmitByte
 .text.HHC05_uddtTransmitString
                0x00000000080016fc       0x20 ./Src/HAL/hc05/hc05_prog.o
                0x00000000080016fc                HHC05_uddtTransmitString
 .text.HHC05_uddtReceiveStringAsynchBlocking
                0x000000000800171c       0x20 ./Src/HAL/hc05/hc05_prog.o
                0x000000000800171c                HHC05_uddtReceiveStringAsynchBlocking
 .text.HHC05_RxIntSetStatus
                0x000000000800173c       0x24 ./Src/HAL/hc05/hc05_prog.o
                0x000000000800173c                HHC05_RxIntSetStatus
 .text.HHC05_uddtSetCallBackUart1
                0x0000000008001760       0x1c ./Src/HAL/hc05/hc05_prog.o
                0x0000000008001760                HHC05_uddtSetCallBackUart1
 .text.delay_us
                0x000000000800177c       0x2a ./Src/HAL/ultrasonic/ultrsonic_prog.o
                0x000000000800177c                delay_us
 *fill*         0x00000000080017a6        0x2 
 .text.ultra_init
                0x00000000080017a8       0x2c ./Src/HAL/ultrasonic/ultrsonic_prog.o
                0x00000000080017a8                ultra_init
 .text.send_pulse
                0x00000000080017d4       0x2c ./Src/HAL/ultrasonic/ultrsonic_prog.o
                0x00000000080017d4                send_pulse
 .text.measure_distance
                0x0000000008001800       0x84 ./Src/HAL/ultrasonic/ultrsonic_prog.o
                0x0000000008001800                measure_distance
 .text.MGPIO_uddtSetPinMode
                0x0000000008001884       0x58 ./Src/MCAL/gpio/gpio_prog.o
                0x0000000008001884                MGPIO_uddtSetPinMode
 .text.MGPIO_uddtSetOutputMode
                0x00000000080018dc       0x50 ./Src/MCAL/gpio/gpio_prog.o
                0x00000000080018dc                MGPIO_uddtSetOutputMode
 .text.MGPIO_uddtSetOutputSpeed
                0x000000000800192c       0x52 ./Src/MCAL/gpio/gpio_prog.o
                0x000000000800192c                MGPIO_uddtSetOutputSpeed
 .text.MGPIO_uddtSetPullState
                0x000000000800197e       0x52 ./Src/MCAL/gpio/gpio_prog.o
                0x000000000800197e                MGPIO_uddtSetPullState
 .text.MGPIO_uddtSetPinVal
                0x00000000080019d0       0x7c ./Src/MCAL/gpio/gpio_prog.o
                0x00000000080019d0                MGPIO_uddtSetPinVal
 .text.MGPIO_uddtSetAltFun
                0x0000000008001a4c       0x66 ./Src/MCAL/gpio/gpio_prog.o
                0x0000000008001a4c                MGPIO_uddtSetAltFun
 .text.MGPIO_uddtInitPin
                0x0000000008001ab2       0xa8 ./Src/MCAL/gpio/gpio_prog.o
                0x0000000008001ab2                MGPIO_uddtInitPin
 .text.MGPIO_uddtInitAltPin
                0x0000000008001b5a       0xa6 ./Src/MCAL/gpio/gpio_prog.o
                0x0000000008001b5a                MGPIO_uddtInitAltPin
 .text.MNVIC_enableInterrupt
                0x0000000008001c00       0x54 ./Src/MCAL/nvic/nvic_prog.o
                0x0000000008001c00                MNVIC_enableInterrupt
 .text.MNVIC_SetInterruptPriority
                0x0000000008001c54       0xc0 ./Src/MCAL/nvic/nvic_prog.o
                0x0000000008001c54                MNVIC_SetInterruptPriority
 .text.MNVIC_SetInterruptGroup
                0x0000000008001d14       0x4c ./Src/MCAL/nvic/nvic_prog.o
                0x0000000008001d14                MNVIC_SetInterruptGroup
 .text.MRCC_Init
                0x0000000008001d60       0x4c ./Src/MCAL/rcc/rcc_prog.o
                0x0000000008001d60                MRCC_Init
 .text.MRCC_enablePeripheral
                0x0000000008001dac       0xc4 ./Src/MCAL/rcc/rcc_prog.o
                0x0000000008001dac                MRCC_enablePeripheral
 .text.SysTick_Handler
                0x0000000008001e70       0x78 ./Src/MCAL/systick/systick_prog.o
                0x0000000008001e70                SysTick_Handler
 .text.MTMR_vStartTimer
                0x0000000008001ee8       0x80 ./Src/MCAL/tmr/tmr_prog.o
                0x0000000008001ee8                MTMR_vStartTimer
 .text.MTMR_vSetTimerPrescaler
                0x0000000008001f68       0xac ./Src/MCAL/tmr/tmr_prog.o
                0x0000000008001f68                MTMR_vSetTimerPrescaler
 .text.MTMR_vSetTimerChannelOutput
                0x0000000008002014      0x110 ./Src/MCAL/tmr/tmr_prog.o
                0x0000000008002014                MTMR_vSetTimerChannelOutput
 .text.MTMR_vSetTimerCMPVal
                0x0000000008002124       0xbc ./Src/MCAL/tmr/tmr_prog.o
                0x0000000008002124                MTMR_vSetTimerCMPVal
 .text.MTMR_vSetTimerARR
                0x00000000080021e0       0x50 ./Src/MCAL/tmr/tmr_prog.o
                0x00000000080021e0                MTMR_vSetTimerARR
 .text.HLIDAR_controlSpeed
                0x0000000008002230       0x68 ./Src/MCAL/tmr/tmr_prog.o
                0x0000000008002230                HLIDAR_controlSpeed
 .text.MUSART_uddtInit
                0x0000000008002298      0x2c0 ./Src/MCAL/usart/usart_prog.o
                0x0000000008002298                MUSART_uddtInit
 .text.MUSART_uddtEnable
                0x0000000008002558       0x36 ./Src/MCAL/usart/usart_prog.o
                0x0000000008002558                MUSART_uddtEnable
 .text.MUSART_uddtTransmitByte
                0x000000000800258e       0x5c ./Src/MCAL/usart/usart_prog.o
                0x000000000800258e                MUSART_uddtTransmitByte
 .text.MUSART_uddtTransmitString
                0x00000000080025ea       0x56 ./Src/MCAL/usart/usart_prog.o
                0x00000000080025ea                MUSART_uddtTransmitString
 .text.MUSART_uddtReadDataRegister
                0x0000000008002640       0x4a ./Src/MCAL/usart/usart_prog.o
                0x0000000008002640                MUSART_uddtReadDataRegister
 .text.MUSART_uddtReceiveStringAsynchBlocking
                0x000000000800268a       0x6c ./Src/MCAL/usart/usart_prog.o
                0x000000000800268a                MUSART_uddtReceiveStringAsynchBlocking
 .text.MUSART_RxIntSetStatus
                0x00000000080026f6       0x54 ./Src/MCAL/usart/usart_prog.o
                0x00000000080026f6                MUSART_RxIntSetStatus
 *fill*         0x000000000800274a        0x2 
 .text.MUSART1_uddtSetCallBack
                0x000000000800274c       0x34 ./Src/MCAL/usart/usart_prog.o
                0x000000000800274c                MUSART1_uddtSetCallBack
 .text.MUSART2_uddtSetCallBack
                0x0000000008002780       0x34 ./Src/MCAL/usart/usart_prog.o
                0x0000000008002780                MUSART2_uddtSetCallBack
 .text.USART1_IRQHandler
                0x00000000080027b4       0x1c ./Src/MCAL/usart/usart_prog.o
                0x00000000080027b4                USART1_IRQHandler
 .text.USART2_IRQHandler
                0x00000000080027d0       0x1c ./Src/MCAL/usart/usart_prog.o
                0x00000000080027d0                USART2_IRQHandler
 .text.USART6_IRQHandler
                0x00000000080027ec       0x1c ./Src/MCAL/usart/usart_prog.o
                0x00000000080027ec                USART6_IRQHandler
 .text.main     0x0000000008002808       0x10 ./Src/main.o
                0x0000000008002808                main
 .text.Reset_Handler
                0x0000000008002818       0x50 ./Startup/startup_stm32f401ccux.o
                0x0000000008002818                Reset_Handler
 .text.Default_Handler
                0x0000000008002868        0x2 ./Startup/startup_stm32f401ccux.o
                0x0000000008002868                EXTI2_IRQHandler
                0x0000000008002868                DebugMon_Handler
                0x0000000008002868                SPI4_IRQHandler
                0x0000000008002868                TIM1_CC_IRQHandler
                0x0000000008002868                DMA2_Stream5_IRQHandler
                0x0000000008002868                HardFault_Handler
                0x0000000008002868                DMA1_Stream5_IRQHandler
                0x0000000008002868                SDIO_IRQHandler
                0x0000000008002868                TAMP_STAMP_IRQHandler
                0x0000000008002868                PendSV_Handler
                0x0000000008002868                NMI_Handler
                0x0000000008002868                EXTI3_IRQHandler
                0x0000000008002868                TIM1_UP_TIM10_IRQHandler
                0x0000000008002868                I2C3_ER_IRQHandler
                0x0000000008002868                EXTI18_OTG_FS_WKUP_IRQHandler
                0x0000000008002868                EXTI0_IRQHandler
                0x0000000008002868                I2C2_EV_IRQHandler
                0x0000000008002868                DMA1_Stream2_IRQHandler
                0x0000000008002868                UsageFault_Handler
                0x0000000008002868                DMA2_Stream2_IRQHandler
                0x0000000008002868                SPI1_IRQHandler
                0x0000000008002868                TIM1_BRK_TIM9_IRQHandler
                0x0000000008002868                DMA2_Stream3_IRQHandler
                0x0000000008002868                DMA2_Stream0_IRQHandler
                0x0000000008002868                TIM4_IRQHandler
                0x0000000008002868                I2C1_EV_IRQHandler
                0x0000000008002868                DMA1_Stream6_IRQHandler
                0x0000000008002868                DMA1_Stream1_IRQHandler
                0x0000000008002868                TIM3_IRQHandler
                0x0000000008002868                RCC_IRQHandler
                0x0000000008002868                Default_Handler
                0x0000000008002868                EXTI15_10_IRQHandler
                0x0000000008002868                ADC_IRQHandler
                0x0000000008002868                DMA1_Stream7_IRQHandler
                0x0000000008002868                TIM5_IRQHandler
                0x0000000008002868                DMA2_Stream7_IRQHandler
                0x0000000008002868                I2C3_EV_IRQHandler
                0x0000000008002868                EXTI9_5_IRQHandler
                0x0000000008002868                SPI2_IRQHandler
                0x0000000008002868                MemManage_Handler
                0x0000000008002868                DMA1_Stream0_IRQHandler
                0x0000000008002868                SVC_Handler
                0x0000000008002868                EXTI4_IRQHandler
                0x0000000008002868                EXTI22_RTC_WKUP_IRQHandler
                0x0000000008002868                TIM2_IRQHandler
                0x0000000008002868                EXTI16_PVD_IRQHandler
                0x0000000008002868                TIM1_TRG_COM_TIM11_IRQHandler
                0x0000000008002868                EXTI1_IRQHandler
                0x0000000008002868                EXTI17_RTC_Alarm_IRQHandler
                0x0000000008002868                I2C2_ER_IRQHandler
                0x0000000008002868                DMA2_Stream1_IRQHandler
                0x0000000008002868                FLASH_IRQHandler
                0x0000000008002868                DMA2_Stream4_IRQHandler
                0x0000000008002868                BusFault_Handler
                0x0000000008002868                OTG_FS_IRQHandler
                0x0000000008002868                SPI3_IRQHandler
                0x0000000008002868                DMA1_Stream4_IRQHandler
                0x0000000008002868                I2C1_ER_IRQHandler
                0x0000000008002868                DMA2_Stream6_IRQHandler
                0x0000000008002868                DMA1_Stream3_IRQHandler
 .text.atoi     0x000000000800286a        0x8 C:/ST/STM32CubeIDE_1.11.0/STM32CubeIDE/plugins/com.st.stm32cube.ide.mcu.externaltools.gnu-tools-for-stm32.11.3.rel1.win32_1.1.1.202309131626/tools/bin/../lib/gcc/arm-none-eabi/11.3.1/../../../../arm-none-eabi/lib/thumb/v7e-m+fp/hard\libc_nano.a(libc_a-atoi.o)
                0x000000000800286a                atoi
 *fill*         0x0000000008002872        0x2 
 .text._strtol_l.constprop.0
                0x0000000008002874      0x104 C:/ST/STM32CubeIDE_1.11.0/STM32CubeIDE/plugins/com.st.stm32cube.ide.mcu.externaltools.gnu-tools-for-stm32.11.3.rel1.win32_1.1.1.202309131626/tools/bin/../lib/gcc/arm-none-eabi/11.3.1/../../../../arm-none-eabi/lib/thumb/v7e-m+fp/hard\libc_nano.a(libc_a-strtol.o)
 .text.strtol   0x0000000008002978       0x14 C:/ST/STM32CubeIDE_1.11.0/STM32CubeIDE/plugins/com.st.stm32cube.ide.mcu.externaltools.gnu-tools-for-stm32.11.3.rel1.win32_1.1.1.202309131626/tools/bin/../lib/gcc/arm-none-eabi/11.3.1/../../../../arm-none-eabi/lib/thumb/v7e-m+fp/hard\libc_nano.a(libc_a-strtol.o)
                0x0000000008002978                strtol
 .text.memset   0x000000000800298c       0x10 C:/ST/STM32CubeIDE_1.11.0/STM32CubeIDE/plugins/com.st.stm32cube.ide.mcu.externaltools.gnu-tools-for-stm32.11.3.rel1.win32_1.1.1.202309131626/tools/bin/../lib/gcc/arm-none-eabi/11.3.1/../../../../arm-none-eabi/lib/thumb/v7e-m+fp/hard\libc_nano.a(libc_a-memset.o)
                0x000000000800298c                memset
 .text.__errno  0x000000000800299c        0xc C:/ST/STM32CubeIDE_1.11.0/STM32CubeIDE/plugins/com.st.stm32cube.ide.mcu.externaltools.gnu-tools-for-stm32.11.3.rel1.win32_1.1.1.202309131626/tools/bin/../lib/gcc/arm-none-eabi/11.3.1/../../../../arm-none-eabi/lib/thumb/v7e-m+fp/hard\libc_nano.a(libc_a-errno.o)
                0x000000000800299c                __errno
 .text.__libc_init_array
                0x00000000080029a8       0x48 C:/ST/STM32CubeIDE_1.11.0/STM32CubeIDE/plugins/com.st.stm32cube.ide.mcu.externaltools.gnu-tools-for-stm32.11.3.rel1.win32_1.1.1.202309131626/tools/bin/../lib/gcc/arm-none-eabi/11.3.1/../../../../arm-none-eabi/lib/thumb/v7e-m+fp/hard\libc_nano.a(libc_a-init.o)
                0x00000000080029a8                __libc_init_array
 .text.memcpy   0x00000000080029f0       0x1c C:/ST/STM32CubeIDE_1.11.0/STM32CubeIDE/plugins/com.st.stm32cube.ide.mcu.externaltools.gnu-tools-for-stm32.11.3.rel1.win32_1.1.1.202309131626/tools/bin/../lib/gcc/arm-none-eabi/11.3.1/../../../../arm-none-eabi/lib/thumb/v7e-m+fp/hard\libc_nano.a(libc_a-memcpy-stub.o)
                0x00000000080029f0                memcpy
 *(.glue_7)
 .glue_7        0x0000000008002a0c        0x0 linker stubs
 *(.glue_7t)
 .glue_7t       0x0000000008002a0c        0x0 linker stubs
 *(.eh_frame)
 .eh_frame      0x0000000008002a0c        0x0 C:/ST/STM32CubeIDE_1.11.0/STM32CubeIDE/plugins/com.st.stm32cube.ide.mcu.externaltools.gnu-tools-for-stm32.11.3.rel1.win32_1.1.1.202309131626/tools/bin/../lib/gcc/arm-none-eabi/11.3.1/thumb/v7e-m+fp/hard/crtbegin.o
 *(.init)
 .init          0x0000000008002a0c        0x4 C:/ST/STM32CubeIDE_1.11.0/STM32CubeIDE/plugins/com.st.stm32cube.ide.mcu.externaltools.gnu-tools-for-stm32.11.3.rel1.win32_1.1.1.202309131626/tools/bin/../lib/gcc/arm-none-eabi/11.3.1/thumb/v7e-m+fp/hard/crti.o
                0x0000000008002a0c                _init
 .init          0x0000000008002a10        0x8 C:/ST/STM32CubeIDE_1.11.0/STM32CubeIDE/plugins/com.st.stm32cube.ide.mcu.externaltools.gnu-tools-for-stm32.11.3.rel1.win32_1.1.1.202309131626/tools/bin/../lib/gcc/arm-none-eabi/11.3.1/thumb/v7e-m+fp/hard/crtn.o
 *(.fini)
 .fini          0x0000000008002a18        0x4 C:/ST/STM32CubeIDE_1.11.0/STM32CubeIDE/plugins/com.st.stm32cube.ide.mcu.externaltools.gnu-tools-for-stm32.11.3.rel1.win32_1.1.1.202309131626/tools/bin/../lib/gcc/arm-none-eabi/11.3.1/thumb/v7e-m+fp/hard/crti.o
                0x0000000008002a18                _fini
 .fini          0x0000000008002a1c        0x8 C:/ST/STM32CubeIDE_1.11.0/STM32CubeIDE/plugins/com.st.stm32cube.ide.mcu.externaltools.gnu-tools-for-stm32.11.3.rel1.win32_1.1.1.202309131626/tools/bin/../lib/gcc/arm-none-eabi/11.3.1/thumb/v7e-m+fp/hard/crtn.o
                0x0000000008002a24                . = ALIGN (0x4)
                0x0000000008002a24                _etext = .

.vfp11_veneer   0x0000000008002a24        0x0
 .vfp11_veneer  0x0000000008002a24        0x0 linker stubs

.v4_bx          0x0000000008002a24        0x0
 .v4_bx         0x0000000008002a24        0x0 linker stubs

.iplt           0x0000000008002a24        0x0
 .iplt          0x0000000008002a24        0x0 C:/ST/STM32CubeIDE_1.11.0/STM32CubeIDE/plugins/com.st.stm32cube.ide.mcu.externaltools.gnu-tools-for-stm32.11.3.rel1.win32_1.1.1.202309131626/tools/bin/../lib/gcc/arm-none-eabi/11.3.1/thumb/v7e-m+fp/hard/crtbegin.o

.rodata         0x0000000008002a24      0x804
                0x0000000008002a24                . = ALIGN (0x4)
 *(.rodata)
 .rodata        0x0000000008002a24       0xac ./Src/APPLICATION/Adaptive_Cruise_Control/acc_prog.o
 .rodata        0x0000000008002ad0       0x26 ./Src/APPLICATION/Automatic_Emergency_Brake/aeb_prog.o
 *fill*         0x0000000008002af6        0x2 
 .rodata        0x0000000008002af8      0x2dc ./Src/APPLICATION/Body_Control_Module/bcm_prog.o
 .rodata        0x0000000008002dd4       0x16 ./Src/APPLICATION/Normal_Cruise_Control/ncc_prog.o
 *fill*         0x0000000008002dea        0x2 
 .rodata        0x0000000008002dec      0x320 ./Src/APPLICATION/User_Dashboard_Interface/udi_prog.o
 .rodata        0x000000000800310c        0xc ./Src/HAL/dcm/dcm_prog.o
 .rodata        0x0000000008003118        0xc ./Src/MCAL/tmr/tmr_prog.o
 *(.rodata*)
 .rodata._ctype_
                0x0000000008003124      0x101 C:/ST/STM32CubeIDE_1.11.0/STM32CubeIDE/plugins/com.st.stm32cube.ide.mcu.externaltools.gnu-tools-for-stm32.11.3.rel1.win32_1.1.1.202309131626/tools/bin/../lib/gcc/arm-none-eabi/11.3.1/../../../../arm-none-eabi/lib/thumb/v7e-m+fp/hard\libc_nano.a(libc_a-ctype_.o)
                0x0000000008003124                _ctype_
                0x0000000008003228                . = ALIGN (0x4)
 *fill*         0x0000000008003225        0x3 

.rel.dyn        0x0000000008003228        0x0
 .rel.iplt      0x0000000008003228        0x0 C:/ST/STM32CubeIDE_1.11.0/STM32CubeIDE/plugins/com.st.stm32cube.ide.mcu.externaltools.gnu-tools-for-stm32.11.3.rel1.win32_1.1.1.202309131626/tools/bin/../lib/gcc/arm-none-eabi/11.3.1/thumb/v7e-m+fp/hard/crtbegin.o

.ARM.extab      0x0000000008003228        0x0
                0x0000000008003228                . = ALIGN (0x4)
 *(.ARM.extab* .gnu.linkonce.armextab.*)
                0x0000000008003228                . = ALIGN (0x4)

.ARM            0x0000000008003228        0x0
                0x0000000008003228                . = ALIGN (0x4)
                0x0000000008003228                __exidx_start = .
 *(.ARM.exidx*)
                0x0000000008003228                __exidx_end = .
                0x0000000008003228                . = ALIGN (0x4)

.preinit_array  0x0000000008003228        0x0
                0x0000000008003228                . = ALIGN (0x4)
                0x0000000008003228                PROVIDE (__preinit_array_start = .)
 *(.preinit_array*)
                0x0000000008003228                PROVIDE (__preinit_array_end = .)
                0x0000000008003228                . = ALIGN (0x4)

.init_array     0x0000000008003228        0x4
                0x0000000008003228                . = ALIGN (0x4)
                0x0000000008003228                PROVIDE (__init_array_start = .)
 *(SORT_BY_NAME(.init_array.*))
 *(.init_array*)
 .init_array    0x0000000008003228        0x4 C:/ST/STM32CubeIDE_1.11.0/STM32CubeIDE/plugins/com.st.stm32cube.ide.mcu.externaltools.gnu-tools-for-stm32.11.3.rel1.win32_1.1.1.202309131626/tools/bin/../lib/gcc/arm-none-eabi/11.3.1/thumb/v7e-m+fp/hard/crtbegin.o
                0x000000000800322c                PROVIDE (__init_array_end = .)
                0x000000000800322c                . = ALIGN (0x4)

.fini_array     0x000000000800322c        0x4
                0x000000000800322c                . = ALIGN (0x4)
                [!provide]                        PROVIDE (__fini_array_start = .)
 *(SORT_BY_NAME(.fini_array.*))
 *(.fini_array*)
 .fini_array    0x000000000800322c        0x4 C:/ST/STM32CubeIDE_1.11.0/STM32CubeIDE/plugins/com.st.stm32cube.ide.mcu.externaltools.gnu-tools-for-stm32.11.3.rel1.win32_1.1.1.202309131626/tools/bin/../lib/gcc/arm-none-eabi/11.3.1/thumb/v7e-m+fp/hard/crtbegin.o
                [!provide]                        PROVIDE (__fini_array_end = .)
                0x0000000008003230                . = ALIGN (0x4)
                0x0000000008003230                _sidata = LOADADDR (.data)

.data           0x0000000020000000       0x88 load address 0x0000000008003230
                0x0000000020000000                . = ALIGN (0x4)
                0x0000000020000000                _sdata = .
 *(.data)
 *(.data*)
 .data.wheelControl
                0x0000000020000000       0x10 ./Src/APPLICATION/Body_Control_Module/bcm_prog.o
                0x0000000020000000                wheelControl
 .data.gl_uddtUartOfHC05
                0x0000000020000010       0x14 ./Src/APPLICATION/Body_Control_Module/bcm_prog.o
                0x0000000020000010                gl_uddtUartOfHC05
 .data.gl_uddtUartOfESP
                0x0000000020000024       0x14 ./Src/APPLICATION/Body_Control_Module/bcm_prog.o
                0x0000000020000024                gl_uddtUartOfESP
 .data._impure_data
                0x0000000020000038       0x4c C:/ST/STM32CubeIDE_1.11.0/STM32CubeIDE/plugins/com.st.stm32cube.ide.mcu.externaltools.gnu-tools-for-stm32.11.3.rel1.win32_1.1.1.202309131626/tools/bin/../lib/gcc/arm-none-eabi/11.3.1/../../../../arm-none-eabi/lib/thumb/v7e-m+fp/hard\libc_nano.a(libc_a-impure.o)
                0x0000000020000038                _impure_data
 .data._impure_ptr
                0x0000000020000084        0x4 C:/ST/STM32CubeIDE_1.11.0/STM32CubeIDE/plugins/com.st.stm32cube.ide.mcu.externaltools.gnu-tools-for-stm32.11.3.rel1.win32_1.1.1.202309131626/tools/bin/../lib/gcc/arm-none-eabi/11.3.1/../../../../arm-none-eabi/lib/thumb/v7e-m+fp/hard\libc_nano.a(libc_a-impure.o)
                0x0000000020000084                _impure_ptr
 *(.RamFunc)
 *(.RamFunc*)
                0x0000000020000088                . = ALIGN (0x4)
                0x0000000020000088                _edata = .

.igot.plt       0x0000000020000088        0x0 load address 0x00000000080032b8
 .igot.plt      0x0000000020000088        0x0 C:/ST/STM32CubeIDE_1.11.0/STM32CubeIDE/plugins/com.st.stm32cube.ide.mcu.externaltools.gnu-tools-for-stm32.11.3.rel1.win32_1.1.1.202309131626/tools/bin/../lib/gcc/arm-none-eabi/11.3.1/thumb/v7e-m+fp/hard/crtbegin.o
                0x0000000020000088                . = ALIGN (0x4)

.bss            0x0000000020000088      0x180 load address 0x00000000080032b8
                0x0000000020000088                _sbss = .
                0x0000000020000088                __bss_start__ = _sbss
 *(.bss)
 .bss           0x0000000020000088       0x1c C:/ST/STM32CubeIDE_1.11.0/STM32CubeIDE/plugins/com.st.stm32cube.ide.mcu.externaltools.gnu-tools-for-stm32.11.3.rel1.win32_1.1.1.202309131626/tools/bin/../lib/gcc/arm-none-eabi/11.3.1/thumb/v7e-m+fp/hard/crtbegin.o
 *(.bss*)
 .bss.gl_u8SpeedLimit
                0x00000000200000a4        0x1 ./Src/APPLICATION/Adaptive_Cruise_Control/acc_prog.o
 .bss.gl_u8LastSpeed
                0x00000000200000a5        0x1 ./Src/APPLICATION/Adaptive_Cruise_Control/acc_prog.o
 .bss.gl_u8MotorFlag
                0x00000000200000a6        0x1 ./Src/APPLICATION/Adaptive_Cruise_Control/acc_prog.o
 *fill*         0x00000000200000a7        0x1 
 .bss.AddressToCall
                0x00000000200000a8        0x4 ./Src/APPLICATION/Body_Control_Module/bcm_prog.o
                0x00000000200000a8                AddressToCall
 .bss.gl_uddtFaultCode
                0x00000000200000ac        0x1 ./Src/APPLICATION/Body_Control_Module/bcm_prog.o
 .bss.gl_uddtCarCondation
                0x00000000200000ad        0x1 ./Src/APPLICATION/Body_Control_Module/bcm_prog.o
                0x00000000200000ad                gl_uddtCarCondation
 *fill*         0x00000000200000ae        0x2 
 .bss.gl_u32distance
                0x00000000200000b0        0x4 ./Src/APPLICATION/Body_Control_Module/bcm_prog.o
 .bss.gl_u8CarIsOnFlag
                0x00000000200000b4        0x1 ./Src/APPLICATION/Body_Control_Module/bcm_prog.o
 .bss.gl_u8NccIsOnFlag
                0x00000000200000b5        0x1 ./Src/APPLICATION/Body_Control_Module/bcm_prog.o
 .bss.gl_u8AccIsOnFlag
                0x00000000200000b6        0x1 ./Src/APPLICATION/Body_Control_Module/bcm_prog.o
 .bss.gl_u8NewFirmwareFlag
                0x00000000200000b7        0x1 ./Src/APPLICATION/Body_Control_Module/bcm_prog.o
 .bss.gl_u8Uart1Buffer
                0x00000000200000b8        0x1 ./Src/APPLICATION/Body_Control_Module/bcm_prog.o
                0x00000000200000b8                gl_u8Uart1Buffer
 .bss.gl_u8Uart2Buffer
                0x00000000200000b9        0x1 ./Src/APPLICATION/Body_Control_Module/bcm_prog.o
                0x00000000200000b9                gl_u8Uart2Buffer
 *fill*         0x00000000200000ba        0x2 
 .bss.pfForStkCallBack
                0x00000000200000bc        0x4 ./Src/MCAL/systick/systick_prog.o
 .bss.g_u8intervalMode
                0x00000000200000c0        0x1 ./Src/MCAL/systick/systick_prog.o
 *fill*         0x00000000200000c1        0x3 
 .bss.MUSART1_CallBack
                0x00000000200000c4        0x4 ./Src/MCAL/usart/usart_prog.o
 .bss.MUSART2_CallBack
                0x00000000200000c8        0x4 ./Src/MCAL/usart/usart_prog.o
 .bss.MUSART6_CallBack
                0x00000000200000cc        0x4 ./Src/MCAL/usart/usart_prog.o
 .bss.__sf      0x00000000200000d0      0x138 C:/ST/STM32CubeIDE_1.11.0/STM32CubeIDE/plugins/com.st.stm32cube.ide.mcu.externaltools.gnu-tools-for-stm32.11.3.rel1.win32_1.1.1.202309131626/tools/bin/../lib/gcc/arm-none-eabi/11.3.1/../../../../arm-none-eabi/lib/thumb/v7e-m+fp/hard\libc_nano.a(libc_a-findfp.o)
                0x00000000200000d0                __sf
 *(COMMON)
                0x0000000020000208                . = ALIGN (0x4)
                0x0000000020000208                _ebss = .
                0x0000000020000208                __bss_end__ = _ebss

._user_heap_stack
                0x0000000020000208      0x600 load address 0x00000000080032b8
                0x0000000020000208                . = ALIGN (0x8)
                [!provide]                        PROVIDE (end = .)
                0x0000000020000208                PROVIDE (_end = .)
                0x0000000020000408                . = (. + _Min_Heap_Size)
 *fill*         0x0000000020000208      0x200 
                0x0000000020000808                . = (. + _Min_Stack_Size)
 *fill*         0x0000000020000408      0x400 
                0x0000000020000808                . = ALIGN (0x8)

/DISCARD/
 libc.a(*)
 libm.a(*)
 libgcc.a(*)

.ARM.attributes
                0x0000000000000000       0x30
 *(.ARM.attributes)
 .ARM.attributes
                0x0000000000000000       0x1e C:/ST/STM32CubeIDE_1.11.0/STM32CubeIDE/plugins/com.st.stm32cube.ide.mcu.externaltools.gnu-tools-for-stm32.11.3.rel1.win32_1.1.1.202309131626/tools/bin/../lib/gcc/arm-none-eabi/11.3.1/thumb/v7e-m+fp/hard/crti.o
 .ARM.attributes
                0x000000000000001e       0x34 C:/ST/STM32CubeIDE_1.11.0/STM32CubeIDE/plugins/com.st.stm32cube.ide.mcu.externaltools.gnu-tools-for-stm32.11.3.rel1.win32_1.1.1.202309131626/tools/bin/../lib/gcc/arm-none-eabi/11.3.1/thumb/v7e-m+fp/hard/crtbegin.o
 .ARM.attributes
                0x0000000000000052       0x34 ./Src/APPLICATION/Adaptive_Cruise_Control/acc_prog.o
 .ARM.attributes
                0x0000000000000086       0x34 ./Src/APPLICATION/Automatic_Emergency_Brake/aeb_prog.o
 .ARM.attributes
                0x00000000000000ba       0x34 ./Src/APPLICATION/Body_Control_Module/bcm_prog.o
 .ARM.attributes
                0x00000000000000ee       0x34 ./Src/APPLICATION/Normal_Cruise_Control/ncc_prog.o
 .ARM.attributes
                0x0000000000000122       0x34 ./Src/APPLICATION/User_Dashboard_Interface/udi_prog.o
 .ARM.attributes
                0x0000000000000156       0x34 ./Src/HAL/dcm/dcm_prog.o
 .ARM.attributes
                0x000000000000018a       0x34 ./Src/HAL/hc05/hc05_prog.o
 .ARM.attributes
                0x00000000000001be       0x34 ./Src/HAL/ultrasonic/ultrsonic_prog.o
 .ARM.attributes
                0x00000000000001f2       0x34 ./Src/MCAL/gpio/gpio_prog.o
 .ARM.attributes
                0x0000000000000226       0x34 ./Src/MCAL/nvic/nvic_prog.o
 .ARM.attributes
                0x000000000000025a       0x34 ./Src/MCAL/rcc/rcc_prog.o
 .ARM.attributes
                0x000000000000028e       0x34 ./Src/MCAL/systick/systick_prog.o
 .ARM.attributes
                0x00000000000002c2       0x34 ./Src/MCAL/tmr/tmr_prog.o
 .ARM.attributes
                0x00000000000002f6       0x34 ./Src/MCAL/usart/usart_prog.o
 .ARM.attributes
                0x000000000000032a       0x34 ./Src/main.o
 .ARM.attributes
                0x000000000000035e       0x21 ./Startup/startup_stm32f401ccux.o
 .ARM.attributes
                0x000000000000037f       0x34 C:/ST/STM32CubeIDE_1.11.0/STM32CubeIDE/plugins/com.st.stm32cube.ide.mcu.externaltools.gnu-tools-for-stm32.11.3.rel1.win32_1.1.1.202309131626/tools/bin/../lib/gcc/arm-none-eabi/11.3.1/../../../../arm-none-eabi/lib/thumb/v7e-m+fp/hard\libc_nano.a(libc_a-atoi.o)
 .ARM.attributes
                0x00000000000003b3       0x34 C:/ST/STM32CubeIDE_1.11.0/STM32CubeIDE/plugins/com.st.stm32cube.ide.mcu.externaltools.gnu-tools-for-stm32.11.3.rel1.win32_1.1.1.202309131626/tools/bin/../lib/gcc/arm-none-eabi/11.3.1/../../../../arm-none-eabi/lib/thumb/v7e-m+fp/hard\libc_nano.a(libc_a-strtol.o)
 .ARM.attributes
                0x00000000000003e7       0x34 C:/ST/STM32CubeIDE_1.11.0/STM32CubeIDE/plugins/com.st.stm32cube.ide.mcu.externaltools.gnu-tools-for-stm32.11.3.rel1.win32_1.1.1.202309131626/tools/bin/../lib/gcc/arm-none-eabi/11.3.1/../../../../arm-none-eabi/lib/thumb/v7e-m+fp/hard\libc_nano.a(libc_a-ctype_.o)
 .ARM.attributes
                0x000000000000041b       0x34 C:/ST/STM32CubeIDE_1.11.0/STM32CubeIDE/plugins/com.st.stm32cube.ide.mcu.externaltools.gnu-tools-for-stm32.11.3.rel1.win32_1.1.1.202309131626/tools/bin/../lib/gcc/arm-none-eabi/11.3.1/../../../../arm-none-eabi/lib/thumb/v7e-m+fp/hard\libc_nano.a(libc_a-findfp.o)
 .ARM.attributes
                0x000000000000044f       0x34 C:/ST/STM32CubeIDE_1.11.0/STM32CubeIDE/plugins/com.st.stm32cube.ide.mcu.externaltools.gnu-tools-for-stm32.11.3.rel1.win32_1.1.1.202309131626/tools/bin/../lib/gcc/arm-none-eabi/11.3.1/../../../../arm-none-eabi/lib/thumb/v7e-m+fp/hard\libc_nano.a(libc_a-memset.o)
 .ARM.attributes
                0x0000000000000483       0x34 C:/ST/STM32CubeIDE_1.11.0/STM32CubeIDE/plugins/com.st.stm32cube.ide.mcu.externaltools.gnu-tools-for-stm32.11.3.rel1.win32_1.1.1.202309131626/tools/bin/../lib/gcc/arm-none-eabi/11.3.1/../../../../arm-none-eabi/lib/thumb/v7e-m+fp/hard\libc_nano.a(libc_a-impure.o)
 .ARM.attributes
                0x00000000000004b7       0x34 C:/ST/STM32CubeIDE_1.11.0/STM32CubeIDE/plugins/com.st.stm32cube.ide.mcu.externaltools.gnu-tools-for-stm32.11.3.rel1.win32_1.1.1.202309131626/tools/bin/../lib/gcc/arm-none-eabi/11.3.1/../../../../arm-none-eabi/lib/thumb/v7e-m+fp/hard\libc_nano.a(libc_a-errno.o)
 .ARM.attributes
                0x00000000000004eb       0x34 C:/ST/STM32CubeIDE_1.11.0/STM32CubeIDE/plugins/com.st.stm32cube.ide.mcu.externaltools.gnu-tools-for-stm32.11.3.rel1.win32_1.1.1.202309131626/tools/bin/../lib/gcc/arm-none-eabi/11.3.1/../../../../arm-none-eabi/lib/thumb/v7e-m+fp/hard\libc_nano.a(libc_a-init.o)
 .ARM.attributes
                0x000000000000051f       0x34 C:/ST/STM32CubeIDE_1.11.0/STM32CubeIDE/plugins/com.st.stm32cube.ide.mcu.externaltools.gnu-tools-for-stm32.11.3.rel1.win32_1.1.1.202309131626/tools/bin/../lib/gcc/arm-none-eabi/11.3.1/../../../../arm-none-eabi/lib/thumb/v7e-m+fp/hard\libc_nano.a(libc_a-memcpy-stub.o)
 .ARM.attributes
                0x0000000000000553       0x1e C:/ST/STM32CubeIDE_1.11.0/STM32CubeIDE/plugins/com.st.stm32cube.ide.mcu.externaltools.gnu-tools-for-stm32.11.3.rel1.win32_1.1.1.202309131626/tools/bin/../lib/gcc/arm-none-eabi/11.3.1/thumb/v7e-m+fp/hard\libgcc.a(_arm_addsubdf3.o)
 .ARM.attributes
                0x0000000000000571       0x1e C:/ST/STM32CubeIDE_1.11.0/STM32CubeIDE/plugins/com.st.stm32cube.ide.mcu.externaltools.gnu-tools-for-stm32.11.3.rel1.win32_1.1.1.202309131626/tools/bin/../lib/gcc/arm-none-eabi/11.3.1/thumb/v7e-m+fp/hard\libgcc.a(_arm_muldivdf3.o)
 .ARM.attributes
                0x000000000000058f       0x1e C:/ST/STM32CubeIDE_1.11.0/STM32CubeIDE/plugins/com.st.stm32cube.ide.mcu.externaltools.gnu-tools-for-stm32.11.3.rel1.win32_1.1.1.202309131626/tools/bin/../lib/gcc/arm-none-eabi/11.3.1/thumb/v7e-m+fp/hard\libgcc.a(_arm_fixunsdfsi.o)
 .ARM.attributes
                0x00000000000005ad       0x1e C:/ST/STM32CubeIDE_1.11.0/STM32CubeIDE/plugins/com.st.stm32cube.ide.mcu.externaltools.gnu-tools-for-stm32.11.3.rel1.win32_1.1.1.202309131626/tools/bin/../lib/gcc/arm-none-eabi/11.3.1/thumb/v7e-m+fp/hard/crtn.o
OUTPUT(Adaptive_Cruise_Control.elf elf32-littlearm)
LOAD linker stubs
LOAD C:/ST/STM32CubeIDE_1.11.0/STM32CubeIDE/plugins/com.st.stm32cube.ide.mcu.externaltools.gnu-tools-for-stm32.11.3.rel1.win32_1.1.1.202309131626/tools/bin/../lib/gcc/arm-none-eabi/11.3.1/../../../../arm-none-eabi/lib/thumb/v7e-m+fp/hard\libc.a
LOAD C:/ST/STM32CubeIDE_1.11.0/STM32CubeIDE/plugins/com.st.stm32cube.ide.mcu.externaltools.gnu-tools-for-stm32.11.3.rel1.win32_1.1.1.202309131626/tools/bin/../lib/gcc/arm-none-eabi/11.3.1/../../../../arm-none-eabi/lib/thumb/v7e-m+fp/hard\libm.a
LOAD C:/ST/STM32CubeIDE_1.11.0/STM32CubeIDE/plugins/com.st.stm32cube.ide.mcu.externaltools.gnu-tools-for-stm32.11.3.rel1.win32_1.1.1.202309131626/tools/bin/../lib/gcc/arm-none-eabi/11.3.1/thumb/v7e-m+fp/hard\libgcc.a

.comment        0x0000000000000000       0x43
 .comment       0x0000000000000000       0x43 C:/ST/STM32CubeIDE_1.11.0/STM32CubeIDE/plugins/com.st.stm32cube.ide.mcu.externaltools.gnu-tools-for-stm32.11.3.rel1.win32_1.1.1.202309131626/tools/bin/../lib/gcc/arm-none-eabi/11.3.1/thumb/v7e-m+fp/hard/crtbegin.o
                                         0x44 (size before relaxing)
 .comment       0x0000000000000043       0x44 ./Src/APPLICATION/Adaptive_Cruise_Control/acc_prog.o
 .comment       0x0000000000000043       0x44 ./Src/APPLICATION/Automatic_Emergency_Brake/aeb_prog.o
 .comment       0x0000000000000043       0x44 ./Src/APPLICATION/Body_Control_Module/bcm_prog.o
 .comment       0x0000000000000043       0x44 ./Src/APPLICATION/Normal_Cruise_Control/ncc_prog.o
 .comment       0x0000000000000043       0x44 ./Src/APPLICATION/User_Dashboard_Interface/udi_prog.o
 .comment       0x0000000000000043       0x44 ./Src/HAL/dcm/dcm_prog.o
 .comment       0x0000000000000043       0x44 ./Src/HAL/hc05/hc05_prog.o
 .comment       0x0000000000000043       0x44 ./Src/HAL/ultrasonic/ultrsonic_prog.o
 .comment       0x0000000000000043       0x44 ./Src/MCAL/gpio/gpio_prog.o
 .comment       0x0000000000000043       0x44 ./Src/MCAL/nvic/nvic_prog.o
 .comment       0x0000000000000043       0x44 ./Src/MCAL/rcc/rcc_prog.o
 .comment       0x0000000000000043       0x44 ./Src/MCAL/systick/systick_prog.o
 .comment       0x0000000000000043       0x44 ./Src/MCAL/tmr/tmr_prog.o
 .comment       0x0000000000000043       0x44 ./Src/MCAL/usart/usart_prog.o
 .comment       0x0000000000000043       0x44 ./Src/main.o

.debug_info     0x0000000000000000     0x53d9
 .debug_info    0x0000000000000000      0x451 ./Src/APPLICATION/Adaptive_Cruise_Control/acc_prog.o
 .debug_info    0x0000000000000451      0x3e7 ./Src/APPLICATION/Automatic_Emergency_Brake/aeb_prog.o
 .debug_info    0x0000000000000838      0xef3 ./Src/APPLICATION/Body_Control_Module/bcm_prog.o
 .debug_info    0x000000000000172b      0x3cb ./Src/APPLICATION/Normal_Cruise_Control/ncc_prog.o
 .debug_info    0x0000000000001af6      0x50a ./Src/APPLICATION/User_Dashboard_Interface/udi_prog.o
 .debug_info    0x0000000000002000      0x7ac ./Src/HAL/dcm/dcm_prog.o
 .debug_info    0x00000000000027ac      0x807 ./Src/HAL/hc05/hc05_prog.o
 .debug_info    0x0000000000002fb3       0xf1 ./Src/HAL/ultrasonic/ultrsonic_prog.o
 .debug_info    0x00000000000030a4      0x746 ./Src/MCAL/gpio/gpio_prog.o
 .debug_info    0x00000000000037ea      0x3ec ./Src/MCAL/nvic/nvic_prog.o
 .debug_info    0x0000000000003bd6      0x4b5 ./Src/MCAL/rcc/rcc_prog.o
 .debug_info    0x000000000000408b      0x320 ./Src/MCAL/systick/systick_prog.o
 .debug_info    0x00000000000043ab      0x771 ./Src/MCAL/tmr/tmr_prog.o
 .debug_info    0x0000000000004b1c      0x7ef ./Src/MCAL/usart/usart_prog.o
 .debug_info    0x000000000000530b       0xab ./Src/main.o
 .debug_info    0x00000000000053b6       0x23 ./Startup/startup_stm32f401ccux.o

.debug_abbrev   0x0000000000000000     0x10c7
 .debug_abbrev  0x0000000000000000       0xfa ./Src/APPLICATION/Adaptive_Cruise_Control/acc_prog.o
 .debug_abbrev  0x00000000000000fa       0xf9 ./Src/APPLICATION/Automatic_Emergency_Brake/aeb_prog.o
 .debug_abbrev  0x00000000000001f3      0x204 ./Src/APPLICATION/Body_Control_Module/bcm_prog.o
 .debug_abbrev  0x00000000000003f7       0xe5 ./Src/APPLICATION/Normal_Cruise_Control/ncc_prog.o
 .debug_abbrev  0x00000000000004dc      0x147 ./Src/APPLICATION/User_Dashboard_Interface/udi_prog.o
 .debug_abbrev  0x0000000000000623      0x15a ./Src/HAL/dcm/dcm_prog.o
 .debug_abbrev  0x000000000000077d      0x132 ./Src/HAL/hc05/hc05_prog.o
 .debug_abbrev  0x00000000000008af       0xbc ./Src/HAL/ultrasonic/ultrsonic_prog.o
 .debug_abbrev  0x000000000000096b      0x100 ./Src/MCAL/gpio/gpio_prog.o
 .debug_abbrev  0x0000000000000a6b      0x128 ./Src/MCAL/nvic/nvic_prog.o
 .debug_abbrev  0x0000000000000b93       0xd8 ./Src/MCAL/rcc/rcc_prog.o
 .debug_abbrev  0x0000000000000c6b      0x12f ./Src/MCAL/systick/systick_prog.o
 .debug_abbrev  0x0000000000000d9a      0x143 ./Src/MCAL/tmr/tmr_prog.o
 .debug_abbrev  0x0000000000000edd      0x17e ./Src/MCAL/usart/usart_prog.o
 .debug_abbrev  0x000000000000105b       0x5a ./Src/main.o
 .debug_abbrev  0x00000000000010b5       0x12 ./Startup/startup_stm32f401ccux.o

.debug_aranges  0x0000000000000000      0x4a0
 .debug_aranges
                0x0000000000000000       0x30 ./Src/APPLICATION/Adaptive_Cruise_Control/acc_prog.o
 .debug_aranges
                0x0000000000000030       0x28 ./Src/APPLICATION/Automatic_Emergency_Brake/aeb_prog.o
 .debug_aranges
                0x0000000000000058       0x50 ./Src/APPLICATION/Body_Control_Module/bcm_prog.o
 .debug_aranges
                0x00000000000000a8       0x28 ./Src/APPLICATION/Normal_Cruise_Control/ncc_prog.o
 .debug_aranges
                0x00000000000000d0       0x30 ./Src/APPLICATION/User_Dashboard_Interface/udi_prog.o
 .debug_aranges
                0x0000000000000100       0x40 ./Src/HAL/dcm/dcm_prog.o
 .debug_aranges
                0x0000000000000140       0x80 ./Src/HAL/hc05/hc05_prog.o
 .debug_aranges
                0x00000000000001c0       0x38 ./Src/HAL/ultrasonic/ultrsonic_prog.o
 .debug_aranges
                0x00000000000001f8       0x70 ./Src/MCAL/gpio/gpio_prog.o
 .debug_aranges
                0x0000000000000268       0x50 ./Src/MCAL/nvic/nvic_prog.o
 .debug_aranges
                0x00000000000002b8       0x30 ./Src/MCAL/rcc/rcc_prog.o
 .debug_aranges
                0x00000000000002e8       0x58 ./Src/MCAL/systick/systick_prog.o
 .debug_aranges
                0x0000000000000340       0x78 ./Src/MCAL/tmr/tmr_prog.o
 .debug_aranges
                0x00000000000003b8       0xa0 ./Src/MCAL/usart/usart_prog.o
 .debug_aranges
                0x0000000000000458       0x20 ./Src/main.o
 .debug_aranges
                0x0000000000000478       0x28 ./Startup/startup_stm32f401ccux.o

.debug_rnglists
                0x0000000000000000      0x34b
 .debug_rnglists
                0x0000000000000000       0x20 ./Src/APPLICATION/Adaptive_Cruise_Control/acc_prog.o
 .debug_rnglists
                0x0000000000000020       0x19 ./Src/APPLICATION/Automatic_Emergency_Brake/aeb_prog.o
 .debug_rnglists
                0x0000000000000039       0x3c ./Src/APPLICATION/Body_Control_Module/bcm_prog.o
 .debug_rnglists
                0x0000000000000075       0x19 ./Src/APPLICATION/Normal_Cruise_Control/ncc_prog.o
 .debug_rnglists
                0x000000000000008e       0x1f ./Src/APPLICATION/User_Dashboard_Interface/udi_prog.o
 .debug_rnglists
                0x00000000000000ad       0x2c ./Src/HAL/dcm/dcm_prog.o
 .debug_rnglists
                0x00000000000000d9       0x5b ./Src/HAL/hc05/hc05_prog.o
 .debug_rnglists
                0x0000000000000134       0x26 ./Src/HAL/ultrasonic/ultrsonic_prog.o
 .debug_rnglists
                0x000000000000015a       0x52 ./Src/MCAL/gpio/gpio_prog.o
 .debug_rnglists
                0x00000000000001ac       0x38 ./Src/MCAL/nvic/nvic_prog.o
 .debug_rnglists
                0x00000000000001e4       0x21 ./Src/MCAL/rcc/rcc_prog.o
 .debug_rnglists
                0x0000000000000205       0x4a ./Src/MCAL/systick/systick_prog.o
 .debug_rnglists
                0x000000000000024f       0x5c ./Src/MCAL/tmr/tmr_prog.o
 .debug_rnglists
                0x00000000000002ab       0x74 ./Src/MCAL/usart/usart_prog.o
 .debug_rnglists
                0x000000000000031f       0x13 ./Src/main.o
 .debug_rnglists
                0x0000000000000332       0x19 ./Startup/startup_stm32f401ccux.o

.debug_macro    0x0000000000000000     0x27be
 .debug_macro   0x0000000000000000       0xc9 ./Src/APPLICATION/Adaptive_Cruise_Control/acc_prog.o
 .debug_macro   0x00000000000000c9      0xaae ./Src/APPLICATION/Adaptive_Cruise_Control/acc_prog.o
 .debug_macro   0x0000000000000b77       0x22 ./Src/APPLICATION/Adaptive_Cruise_Control/acc_prog.o
 .debug_macro   0x0000000000000b99       0x46 ./Src/APPLICATION/Adaptive_Cruise_Control/acc_prog.o
 .debug_macro   0x0000000000000bdf       0x3a ./Src/APPLICATION/Adaptive_Cruise_Control/acc_prog.o
 .debug_macro   0x0000000000000c19       0x16 ./Src/APPLICATION/Adaptive_Cruise_Control/acc_prog.o
 .debug_macro   0x0000000000000c2f       0xa0 ./Src/APPLICATION/Adaptive_Cruise_Control/acc_prog.o
 .debug_macro   0x0000000000000ccf      0x19f ./Src/APPLICATION/Adaptive_Cruise_Control/acc_prog.o
 .debug_macro   0x0000000000000e6e       0x22 ./Src/APPLICATION/Adaptive_Cruise_Control/acc_prog.o
 .debug_macro   0x0000000000000e90       0x1c ./Src/APPLICATION/Adaptive_Cruise_Control/acc_prog.o
 .debug_macro   0x0000000000000eac       0xcf ./Src/APPLICATION/Automatic_Emergency_Brake/aeb_prog.o
 .debug_macro   0x0000000000000f7b       0x16 ./Src/APPLICATION/Automatic_Emergency_Brake/aeb_prog.o
 .debug_macro   0x0000000000000f91      0x2e7 ./Src/APPLICATION/Body_Control_Module/bcm_prog.o
 .debug_macro   0x0000000000001278       0x22 ./Src/APPLICATION/Body_Control_Module/bcm_prog.o
 .debug_macro   0x000000000000129a       0x5b ./Src/APPLICATION/Body_Control_Module/bcm_prog.o
 .debug_macro   0x00000000000012f5       0x2a ./Src/APPLICATION/Body_Control_Module/bcm_prog.o
 .debug_macro   0x000000000000131f       0x94 ./Src/APPLICATION/Body_Control_Module/bcm_prog.o
 .debug_macro   0x00000000000013b3       0x43 ./Src/APPLICATION/Body_Control_Module/bcm_prog.o
 .debug_macro   0x00000000000013f6       0x34 ./Src/APPLICATION/Body_Control_Module/bcm_prog.o
 .debug_macro   0x000000000000142a       0x16 ./Src/APPLICATION/Body_Control_Module/bcm_prog.o
 .debug_macro   0x0000000000001440       0x57 ./Src/APPLICATION/Body_Control_Module/bcm_prog.o
 .debug_macro   0x0000000000001497       0x97 ./Src/APPLICATION/Body_Control_Module/bcm_prog.o
 .debug_macro   0x000000000000152e      0x369 ./Src/APPLICATION/Body_Control_Module/bcm_prog.o
 .debug_macro   0x0000000000001897       0xfd ./Src/APPLICATION/Body_Control_Module/bcm_prog.o
 .debug_macro   0x0000000000001994       0x10 ./Src/APPLICATION/Body_Control_Module/bcm_prog.o
 .debug_macro   0x00000000000019a4       0x16 ./Src/APPLICATION/Body_Control_Module/bcm_prog.o
 .debug_macro   0x00000000000019ba       0x43 ./Src/APPLICATION/Body_Control_Module/bcm_prog.o
 .debug_macro   0x00000000000019fd       0x34 ./Src/APPLICATION/Body_Control_Module/bcm_prog.o
 .debug_macro   0x0000000000001a31       0x10 ./Src/APPLICATION/Body_Control_Module/bcm_prog.o
 .debug_macro   0x0000000000001a41       0x58 ./Src/APPLICATION/Body_Control_Module/bcm_prog.o
 .debug_macro   0x0000000000001a99       0x8e ./Src/APPLICATION/Body_Control_Module/bcm_prog.o
 .debug_macro   0x0000000000001b27       0x1c ./Src/APPLICATION/Body_Control_Module/bcm_prog.o
 .debug_macro   0x0000000000001b43      0x177 ./Src/APPLICATION/Body_Control_Module/bcm_prog.o
 .debug_macro   0x0000000000001cba       0x16 ./Src/APPLICATION/Body_Control_Module/bcm_prog.o
 .debug_macro   0x0000000000001cd0       0x16 ./Src/APPLICATION/Body_Control_Module/bcm_prog.o
 .debug_macro   0x0000000000001ce6      0x147 ./Src/APPLICATION/Body_Control_Module/bcm_prog.o
 .debug_macro   0x0000000000001e2d       0x16 ./Src/APPLICATION/Body_Control_Module/bcm_prog.o
 .debug_macro   0x0000000000001e43       0x35 ./Src/APPLICATION/Body_Control_Module/bcm_prog.o
 .debug_macro   0x0000000000001e78       0x16 ./Src/APPLICATION/Body_Control_Module/bcm_prog.o
 .debug_macro   0x0000000000001e8e       0x29 ./Src/APPLICATION/Body_Control_Module/bcm_prog.o
 .debug_macro   0x0000000000001eb7       0x16 ./Src/APPLICATION/Body_Control_Module/bcm_prog.o
 .debug_macro   0x0000000000001ecd       0x20 ./Src/APPLICATION/Body_Control_Module/bcm_prog.o
 .debug_macro   0x0000000000001eed       0xb2 ./Src/APPLICATION/Body_Control_Module/bcm_prog.o
 .debug_macro   0x0000000000001f9f       0x40 ./Src/APPLICATION/Body_Control_Module/bcm_prog.o
 .debug_macro   0x0000000000001fdf       0x22 ./Src/APPLICATION/Body_Control_Module/bcm_prog.o
 .debug_macro   0x0000000000002001       0x22 ./Src/APPLICATION/Body_Control_Module/bcm_prog.o
 .debug_macro   0x0000000000002023       0x34 ./Src/APPLICATION/Body_Control_Module/bcm_prog.o
 .debug_macro   0x0000000000002057       0xcc ./Src/APPLICATION/Normal_Cruise_Control/ncc_prog.o
 .debug_macro   0x0000000000002123       0x81 ./Src/APPLICATION/User_Dashboard_Interface/udi_prog.o
 .debug_macro   0x00000000000021a4       0x80 ./Src/HAL/dcm/dcm_prog.o
 .debug_macro   0x0000000000002224       0x77 ./Src/HAL/hc05/hc05_prog.o
 .debug_macro   0x000000000000229b       0x29 ./Src/HAL/ultrasonic/ultrsonic_prog.o
 .debug_macro   0x00000000000022c4       0x3f ./Src/MCAL/gpio/gpio_prog.o
 .debug_macro   0x0000000000002303       0x3f ./Src/MCAL/nvic/nvic_prog.o
 .debug_macro   0x0000000000002342       0x3f ./Src/MCAL/rcc/rcc_prog.o
 .debug_macro   0x0000000000002381       0x3f ./Src/MCAL/systick/systick_prog.o
 .debug_macro   0x00000000000023c0       0x2e ./Src/MCAL/systick/systick_prog.o
 .debug_macro   0x00000000000023ee       0x22 ./Src/MCAL/systick/systick_prog.o
 .debug_macro   0x0000000000002410       0x64 ./Src/MCAL/tmr/tmr_prog.o
 .debug_macro   0x0000000000002474       0x63 ./Src/MCAL/usart/usart_prog.o
 .debug_macro   0x00000000000024d7      0x2e7 ./Src/main.o

.debug_line     0x0000000000000000     0x648a
 .debug_line    0x0000000000000000      0x7e9 ./Src/APPLICATION/Adaptive_Cruise_Control/acc_prog.o
 .debug_line    0x00000000000007e9      0x76a ./Src/APPLICATION/Automatic_Emergency_Brake/aeb_prog.o
 .debug_line    0x0000000000000f53     0x19a4 ./Src/APPLICATION/Body_Control_Module/bcm_prog.o
 .debug_line    0x00000000000028f7      0x71a ./Src/APPLICATION/Normal_Cruise_Control/ncc_prog.o
 .debug_line    0x0000000000003011      0x43d ./Src/APPLICATION/User_Dashboard_Interface/udi_prog.o
 .debug_line    0x000000000000344e      0x38b ./Src/HAL/dcm/dcm_prog.o
 .debug_line    0x00000000000037d9      0x39e ./Src/HAL/hc05/hc05_prog.o
 .debug_line    0x0000000000003b77      0x15a ./Src/HAL/ultrasonic/ultrsonic_prog.o
 .debug_line    0x0000000000003cd1      0x36b ./Src/MCAL/gpio/gpio_prog.o
 .debug_line    0x000000000000403c      0x24f ./Src/MCAL/nvic/nvic_prog.o
 .debug_line    0x000000000000428b      0x1c8 ./Src/MCAL/rcc/rcc_prog.o
 .debug_line    0x0000000000004453      0x2df ./Src/MCAL/systick/systick_prog.o
 .debug_line    0x0000000000004732      0x50f ./Src/MCAL/tmr/tmr_prog.o
 .debug_line    0x0000000000004c41      0x5c7 ./Src/MCAL/usart/usart_prog.o
 .debug_line    0x0000000000005208     0x1207 ./Src/main.o
 .debug_line    0x000000000000640f       0x7b ./Startup/startup_stm32f401ccux.o

.debug_str      0x0000000000000000     0xb1c7
 .debug_str     0x0000000000000000     0x4444 ./Src/APPLICATION/Adaptive_Cruise_Control/acc_prog.o
                                       0x44cd (size before relaxing)
 .debug_str     0x0000000000004444      0x120 ./Src/APPLICATION/Automatic_Emergency_Brake/aeb_prog.o
                                       0x44c2 (size before relaxing)
 .debug_str     0x0000000000004564     0x5718 ./Src/APPLICATION/Body_Control_Module/bcm_prog.o
                                       0x9cb4 (size before relaxing)
 .debug_str     0x0000000000009c7c       0x41 ./Src/APPLICATION/Normal_Cruise_Control/ncc_prog.o
                                       0x442f (size before relaxing)
 .debug_str     0x0000000000009cbd       0xd9 ./Src/APPLICATION/User_Dashboard_Interface/udi_prog.o
                                       0x445a (size before relaxing)
 .debug_str     0x0000000000009d96      0x2fa ./Src/HAL/dcm/dcm_prog.o
                                       0x3e41 (size before relaxing)
 .debug_str     0x000000000000a090      0x1f1 ./Src/HAL/hc05/hc05_prog.o
                                       0x464c (size before relaxing)
 .debug_str     0x000000000000a281       0x3f ./Src/HAL/ultrasonic/ultrsonic_prog.o
                                       0x2fe7 (size before relaxing)
 .debug_str     0x000000000000a2c0      0x165 ./Src/MCAL/gpio/gpio_prog.o
                                       0x3945 (size before relaxing)
 .debug_str     0x000000000000a425      0x1c6 ./Src/MCAL/nvic/nvic_prog.o
                                       0x34a2 (size before relaxing)
 .debug_str     0x000000000000a5eb      0x476 ./Src/MCAL/rcc/rcc_prog.o
                                       0x3bd5 (size before relaxing)
 .debug_str     0x000000000000aa61      0x402 ./Src/MCAL/systick/systick_prog.o
                                       0x345b (size before relaxing)
 .debug_str     0x000000000000ae63      0x22c ./Src/MCAL/tmr/tmr_prog.o
                                       0x3dc4 (size before relaxing)
 .debug_str     0x000000000000b08f       0xf6 ./Src/MCAL/usart/usart_prog.o
                                       0x4569 (size before relaxing)
 .debug_str     0x000000000000b185       0x13 ./Src/main.o
                                       0x8748 (size before relaxing)
 .debug_str     0x000000000000b198       0x2f ./Startup/startup_stm32f401ccux.o
                                         0x8d (size before relaxing)

.debug_frame    0x0000000000000000     0x12cc
 .debug_frame   0x0000000000000000       0x7c ./Src/APPLICATION/Adaptive_Cruise_Control/acc_prog.o
 .debug_frame   0x000000000000007c       0x50 ./Src/APPLICATION/Automatic_Emergency_Brake/aeb_prog.o
 .debug_frame   0x00000000000000cc       0xfc ./Src/APPLICATION/Body_Control_Module/bcm_prog.o
 .debug_frame   0x00000000000001c8       0x58 ./Src/APPLICATION/Normal_Cruise_Control/ncc_prog.o
 .debug_frame   0x0000000000000220       0x7c ./Src/APPLICATION/User_Dashboard_Interface/udi_prog.o
 .debug_frame   0x000000000000029c       0xc8 ./Src/HAL/dcm/dcm_prog.o
 .debug_frame   0x0000000000000364      0x1e4 ./Src/HAL/hc05/hc05_prog.o
 .debug_frame   0x0000000000000548       0x98 ./Src/HAL/ultrasonic/ultrsonic_prog.o
 .debug_frame   0x00000000000005e0      0x1c0 ./Src/MCAL/gpio/gpio_prog.o
 .debug_frame   0x00000000000007a0      0x12c ./Src/MCAL/nvic/nvic_prog.o
 .debug_frame   0x00000000000008cc       0x88 ./Src/MCAL/rcc/rcc_prog.o
 .debug_frame   0x0000000000000954      0x14c ./Src/MCAL/systick/systick_prog.o
 .debug_frame   0x0000000000000aa0      0x1ec ./Src/MCAL/tmr/tmr_prog.o
 .debug_frame   0x0000000000000c8c      0x288 ./Src/MCAL/usart/usart_prog.o
 .debug_frame   0x0000000000000f14       0x2c ./Src/main.o
 .debug_frame   0x0000000000000f40       0x30 C:/ST/STM32CubeIDE_1.11.0/STM32CubeIDE/plugins/com.st.stm32cube.ide.mcu.externaltools.gnu-tools-for-stm32.11.3.rel1.win32_1.1.1.202309131626/tools/bin/../lib/gcc/arm-none-eabi/11.3.1/../../../../arm-none-eabi/lib/thumb/v7e-m+fp/hard\libc_nano.a(libc_a-atoi.o)
 .debug_frame   0x0000000000000f70       0x64 C:/ST/STM32CubeIDE_1.11.0/STM32CubeIDE/plugins/com.st.stm32cube.ide.mcu.externaltools.gnu-tools-for-stm32.11.3.rel1.win32_1.1.1.202309131626/tools/bin/../lib/gcc/arm-none-eabi/11.3.1/../../../../arm-none-eabi/lib/thumb/v7e-m+fp/hard\libc_nano.a(libc_a-strtol.o)
 .debug_frame   0x0000000000000fd4      0x144 C:/ST/STM32CubeIDE_1.11.0/STM32CubeIDE/plugins/com.st.stm32cube.ide.mcu.externaltools.gnu-tools-for-stm32.11.3.rel1.win32_1.1.1.202309131626/tools/bin/../lib/gcc/arm-none-eabi/11.3.1/../../../../arm-none-eabi/lib/thumb/v7e-m+fp/hard\libc_nano.a(libc_a-findfp.o)
 .debug_frame   0x0000000000001118       0x20 C:/ST/STM32CubeIDE_1.11.0/STM32CubeIDE/plugins/com.st.stm32cube.ide.mcu.externaltools.gnu-tools-for-stm32.11.3.rel1.win32_1.1.1.202309131626/tools/bin/../lib/gcc/arm-none-eabi/11.3.1/../../../../arm-none-eabi/lib/thumb/v7e-m+fp/hard\libc_nano.a(libc_a-memset.o)
 .debug_frame   0x0000000000001138       0x20 C:/ST/STM32CubeIDE_1.11.0/STM32CubeIDE/plugins/com.st.stm32cube.ide.mcu.externaltools.gnu-tools-for-stm32.11.3.rel1.win32_1.1.1.202309131626/tools/bin/../lib/gcc/arm-none-eabi/11.3.1/../../../../arm-none-eabi/lib/thumb/v7e-m+fp/hard\libc_nano.a(libc_a-errno.o)
 .debug_frame   0x0000000000001158       0x2c C:/ST/STM32CubeIDE_1.11.0/STM32CubeIDE/plugins/com.st.stm32cube.ide.mcu.externaltools.gnu-tools-for-stm32.11.3.rel1.win32_1.1.1.202309131626/tools/bin/../lib/gcc/arm-none-eabi/11.3.1/../../../../arm-none-eabi/lib/thumb/v7e-m+fp/hard\libc_nano.a(libc_a-init.o)
 .debug_frame   0x0000000000001184       0x28 C:/ST/STM32CubeIDE_1.11.0/STM32CubeIDE/plugins/com.st.stm32cube.ide.mcu.externaltools.gnu-tools-for-stm32.11.3.rel1.win32_1.1.1.202309131626/tools/bin/../lib/gcc/arm-none-eabi/11.3.1/../../../../arm-none-eabi/lib/thumb/v7e-m+fp/hard\libc_nano.a(libc_a-memcpy-stub.o)
 .debug_frame   0x00000000000011ac       0xac C:/ST/STM32CubeIDE_1.11.0/STM32CubeIDE/plugins/com.st.stm32cube.ide.mcu.externaltools.gnu-tools-for-stm32.11.3.rel1.win32_1.1.1.202309131626/tools/bin/../lib/gcc/arm-none-eabi/11.3.1/thumb/v7e-m+fp/hard\libgcc.a(_arm_addsubdf3.o)
 .debug_frame   0x0000000000001258       0x50 C:/ST/STM32CubeIDE_1.11.0/STM32CubeIDE/plugins/com.st.stm32cube.ide.mcu.externaltools.gnu-tools-for-stm32.11.3.rel1.win32_1.1.1.202309131626/tools/bin/../lib/gcc/arm-none-eabi/11.3.1/thumb/v7e-m+fp/hard\libgcc.a(_arm_muldivdf3.o)
 .debug_frame   0x00000000000012a8       0x24 C:/ST/STM32CubeIDE_1.11.0/STM32CubeIDE/plugins/com.st.stm32cube.ide.mcu.externaltools.gnu-tools-for-stm32.11.3.rel1.win32_1.1.1.202309131626/tools/bin/../lib/gcc/arm-none-eabi/11.3.1/thumb/v7e-m+fp/hard\libgcc.a(_arm_fixunsdfsi.o)

.debug_line_str
                0x0000000000000000       0x81
 .debug_line_str
                0x0000000000000000       0x81 ./Startup/startup_stm32f401ccux.o
                                         0x99 (size before relaxing)
