../Src/MCAL/usart/usart_prog.c:16:26:MUSART_uddtInit	32	static
../Src/MCAL/usart/usart_prog.c:60:26:MUSART_uddtEnable	24	static
../Src/MCAL/usart/usart_prog.c:77:26:MUSART_uddtDisable	24	static
../Src/MCAL/usart/usart_prog.c:94:26:MUSART_uddtTransmitByte	24	static
../Src/MCAL/usart/usart_prog.c:114:26:MUSART_uddtTransmitString	24	static
../Src/MCAL/usart/usart_prog.c:136:26:MUSART_uddtReadDataRegister	24	static
../Src/MCAL/usart/usart_prog.c:154:26:MUSART_uddtClearFlags	24	static
../Src/MCAL/usart/usart_prog.c:171:26:MUSART_uddtReceiveByteSynchNonBlocking	24	static
../Src/MCAL/usart/usart_prog.c:199:27:MUSART_uddtReceiveStringAsynchBlocking	24	static
../Src/MCAL/usart/usart_prog.c:224:27:MUSART_uddtReceiveStringSynchNonBlocking	24	static
../Src/MCAL/usart/usart_prog.c:251:26:MUSART_RxIntSetStatus	24	static
../Src/MCAL/usart/usart_prog.c:274:26:MUSART1_uddtSetCallBack	24	static
../Src/MCAL/usart/usart_prog.c:291:26:MUSART2_uddtSetCallBack	24	static
../Src/MCAL/usart/usart_prog.c:307:26:MUSART6_uddtSetCallBack	24	static
../Src/MCAL/usart/usart_prog.c:323:6:USART1_IRQHandler	8	static
../Src/MCAL/usart/usart_prog.c:329:6:USART2_IRQHandler	8	static
../Src/MCAL/usart/usart_prog.c:335:6:USART6_IRQHandler	8	static
